main.c:116:6:Init_Motor1	8	static
main.c:133:6:Init_Motor2	8	static
main.c:151:6:Init_Motor3	8	static
main.c:168:6:Init_Motor4	8	static
main.c:185:6:check_w_ref	32	static
main.c:212:6:signal_feedback_PID_parameter	16	static
main.c:225:6:signal_feedback_w_wheel	16	static
main.c:241:6:signal_feedback_error	16	static
main.c:257:6:position_feedback	40	static
main.c:270:5:main	8	static
main.c:350:6:SystemClock_Config	88	static
main.c:389:13:MX_TIM2_Init	32	static
main.c:434:13:MX_TIM3_Init	64	static
main.c:497:13:MX_TIM5_Init	64	static
main.c:560:13:MX_TIM9_Init	56	static
main.c:616:13:MX_TIM12_Init	56	static
main.c:672:13:MX_USART3_UART_Init	8	static
main.c:705:13:MX_GPIO_Init	56	static
main.c:828:6:cal_vel_ref	72	static
main.c:843:6:PID_controller_wheel1	24	static
main.c:881:6:PID_controller_wheel2	24	static
main.c:918:6:PID_controller_wheel3	24	static
main.c:955:6:PID_controller_wheel4	24	static
main.c:993:6:position_cal	24	static
main.c:1028:6:HAL_TIM_PeriodElapsedCallback	16	static
main.c:1049:6:HAL_GPIO_EXTI_Callback	16	static
main.c:1100:6:HAL_UART_RxCpltCallback	32	static
main.c:1158:6:Error_Handler	4	static
