<html>
<body>
<pre>
<h1>µVision Build Log</h1>
<h2>Tool Versions:</h2>
IDE-Version: µVision V5.29.0.0
Copyright (C) 2019 ARM Ltd and ARM Germany GmbH. All rights reserved.
License Information: thanh dat, haui, LIC=----
 
Tool Versions:
Toolchain:       MDK-Lite  Version: 5.29.0.0
Toolchain Path:  C:\Keil_v5\ARM\ARMCC\Bin
C Compiler:      Armcc.exe V5.06 update 6 (build 750)
Assembler:       Armasm.exe V5.06 update 6 (build 750)
Linker/Locator:  ArmLink.exe V5.06 update 6 (build 750)
Library Manager: ArmAr.exe V5.06 update 6 (build 750)
Hex Converter:   FromElf.exe V5.06 update 6 (build 750)
CPU DLL:         SARMCM3.DLL V5.29.0.0
Dialog DLL:      DCM.DLL V1.17.3.0
Target DLL:      STLink\ST-LINKIII-KEIL_SWO.dll V3.0.7.0
Dialog DLL:      TCM.DLL V1.36.5.0
 
<h2>Project:</h2>
C:\Users\phamd\OneDrive\Documents\ROS\PID\MDK-ARM\PID motor.uvprojx
Project File Date:  01/10/2024

<h2>Output:</h2>
*** Using Compiler 'V5.06 update 6 (build 750)', folder: 'C:\Keil_v5\ARM\ARMCC\Bin'
Build target 'PID motor'
compiling main.c...
../Core/Src/main.c(121): warning:  #188-D: enumerated type mixed with another type
  	HAL_GPIO_WritePin(GPIOF, GPIO_PIN_0, 1);			//bridge1 3.3V
../Core/Src/main.c(122): warning:  #188-D: enumerated type mixed with another type
  	HAL_GPIO_WritePin(GPIOF, GPIO_PIN_1, 0);			//bridge1 GND
../Core/Src/main.c(124): warning:  #188-D: enumerated type mixed with another type
  	HAL_GPIO_WritePin(GPIOE, GPIO_PIN_2, 1);			//bridge1 EN_R
../Core/Src/main.c(125): warning:  #188-D: enumerated type mixed with another type
  	HAL_GPIO_WritePin(GPIOE, GPIO_PIN_3, 1);			//bridge1 EN_L
../Core/Src/main.c(138): warning:  #188-D: enumerated type mixed with another type
  	HAL_GPIO_WritePin(GPIOE, GPIO_PIN_12, 1);			//bridge1 3.3V
../Core/Src/main.c(139): warning:  #188-D: enumerated type mixed with another type
  	HAL_GPIO_WritePin(GPIOE, GPIO_PIN_13, 0);			//bridge1 GND
../Core/Src/main.c(141): warning:  #188-D: enumerated type mixed with another type
  	HAL_GPIO_WritePin(GPIOE, GPIO_PIN_11, 1);			//bridge1 EN_R
../Core/Src/main.c(142): warning:  #188-D: enumerated type mixed with another type
  	HAL_GPIO_WritePin(GPIOE, GPIO_PIN_10, 1);			//bridge1 EN_L
../Core/Src/main.c(156): warning:  #188-D: enumerated type mixed with another type
  	HAL_GPIO_WritePin(GPIOD, GPIO_PIN_10, 1);			//bridge1 3.3V
../Core/Src/main.c(157): warning:  #188-D: enumerated type mixed with another type
  	HAL_GPIO_WritePin(GPIOD, GPIO_PIN_11, 0);			//bridge1 GND
../Core/Src/main.c(159): warning:  #188-D: enumerated type mixed with another type
  	HAL_GPIO_WritePin(GPIOD, GPIO_PIN_8, 1);			//bridge1 EN_R
../Core/Src/main.c(160): warning:  #188-D: enumerated type mixed with another type
  	HAL_GPIO_WritePin(GPIOD, GPIO_PIN_9, 1);			//bridge1 EN_L
../Core/Src/main.c(173): warning:  #188-D: enumerated type mixed with another type
  	HAL_GPIO_WritePin(GPIOG, GPIO_PIN_14, 1);			//bridge1 3.3V
../Core/Src/main.c(174): warning:  #188-D: enumerated type mixed with another type
  	HAL_GPIO_WritePin(GPIOG, GPIO_PIN_13, 0);			//bridge1 GND
../Core/Src/main.c(176): warning:  #188-D: enumerated type mixed with another type
  	HAL_GPIO_WritePin(GPIOB, GPIO_PIN_3, 1);			//bridge1 EN_R
../Core/Src/main.c(177): warning:  #188-D: enumerated type mixed with another type
  	HAL_GPIO_WritePin(GPIOG, GPIO_PIN_15, 1);			//bridge1 EN_L
../Core/Src/main.c(848): warning:  #1035-D: single-precision operand implicitly converted to double-precision
  	w1 = (float)(pulse_counter1)*2.35294;
../Core/Src/main.c(859): warning:  #1035-D: single-precision operand implicitly converted to double-precision
  		iPart1 += kI*e1*0.1;
../Core/Src/main.c(886): warning:  #1035-D: single-precision operand implicitly converted to double-precision
  	w2 = (float)(pulse_counter2)*2.35294;
../Core/Src/main.c(897): warning:  #1035-D: single-precision operand implicitly converted to double-precision
  		iPart2 += kI*e2*0.1;
../Core/Src/main.c(923): warning:  #1035-D: single-precision operand implicitly converted to double-precision
  	w3 = (float)(pulse_counter3)*2.35294;
../Core/Src/main.c(934): warning:  #1035-D: single-precision operand implicitly converted to double-precision
  		iPart3 += kI*e3*0.1;
../Core/Src/main.c(960): warning:  #1035-D: single-precision operand implicitly converted to double-precision
  	w4 = (float)(pulse_counter4)*2.35294;
../Core/Src/main.c(971): warning:  #1035-D: single-precision operand implicitly converted to double-precision
  		iPart4 += kI*e4*0.1;
../Core/Src/main.c(999): warning:  #1035-D: single-precision operand implicitly converted to double-precision
  	w1 = (float)(pulse_counter1)*2.35294;
../Core/Src/main.c(1000): warning:  #1035-D: single-precision operand implicitly converted to double-precision
  	w2 = (float)(pulse_counter2)*2.35294;
../Core/Src/main.c(1001): warning:  #1035-D: single-precision operand implicitly converted to double-precision
  	w3 = (float)(pulse_counter3)*2.35294;
../Core/Src/main.c(1002): warning:  #1035-D: single-precision operand implicitly converted to double-precision
  	w4 = (float)(pulse_counter4)*2.35294;
../Core/Src/main.c: 28 warnings, 0 errors
linking...
Program Size: Code=21248 RO-data=800 RW-data=332 ZI-data=1580  
FromELF: creating hex file...
"PID motor\PID motor.axf" - 0 Error(s), 28 Warning(s).

<h2>Software Packages used:</h2>

Package Vendor: ARM
                http://www.keil.com/pack/ARM.CMSIS.5.6.0.pack
                ARM.CMSIS.5.6.0
                CMSIS (Cortex Microcontroller Software Interface Standard)
   * Component: CORE Version: 5.3.0

Package Vendor: Keil
                https://www.keil.com/pack/Keil.STM32F4xx_DFP.2.17.1.pack
                Keil.STM32F4xx_DFP.2.17.1
                STMicroelectronics STM32F4 Series Device Support, Drivers and Examples

<h2>Collection of Component include folders:</h2>
  .\RTE\_PID_motor
  C:\Users\phamd\AppData\Local\Arm\Packs\ARM\CMSIS\5.6.0\CMSIS\Core\Include
  C:\Users\phamd\AppData\Local\Arm\Packs\Keil\STM32F4xx_DFP\2.17.1\Drivers\CMSIS\Device\ST\STM32F4xx\Include

<h2>Collection of Component Files used:</h2>

   * Component: ARM::CMSIS:CORE:5.3.0
Build Time Elapsed:  00:00:13
</pre>
</body>
</html>
