Component: ARM Compiler 5.06 update 6 (build 750) Tool: armlink [4d35ed]

==============================================================================

Section Cross References

    startup_stm32f407xx.o(RESET) refers to startup_stm32f407xx.o(STACK) for __initial_sp
    startup_stm32f407xx.o(RESET) refers to startup_stm32f407xx.o(.text) for Reset_Handler
    startup_stm32f407xx.o(RESET) refers to stm32f4xx_it.o(i.NMI_Handler) for NMI_Handler
    startup_stm32f407xx.o(RESET) refers to stm32f4xx_it.o(i.HardFault_Handler) for HardFault_Handler
    startup_stm32f407xx.o(RESET) refers to stm32f4xx_it.o(i.MemManage_Handler) for MemManage_Handler
    startup_stm32f407xx.o(RESET) refers to stm32f4xx_it.o(i.BusFault_Handler) for BusFault_Handler
    startup_stm32f407xx.o(RESET) refers to stm32f4xx_it.o(i.UsageFault_Handler) for UsageFault_Handler
    startup_stm32f407xx.o(RESET) refers to stm32f4xx_it.o(i.SVC_Handler) for SVC_Handler
    startup_stm32f407xx.o(RESET) refers to stm32f4xx_it.o(i.DebugMon_Handler) for DebugMon_Handler
    startup_stm32f407xx.o(RESET) refers to stm32f4xx_it.o(i.PendSV_Handler) for PendSV_Handler
    startup_stm32f407xx.o(RESET) refers to stm32f4xx_it.o(i.SysTick_Handler) for SysTick_Handler
    startup_stm32f407xx.o(RESET) refers to stm32f4xx_it.o(i.EXTI0_IRQHandler) for EXTI0_IRQHandler
    startup_stm32f407xx.o(RESET) refers to stm32f4xx_it.o(i.TIM2_IRQHandler) for TIM2_IRQHandler
    startup_stm32f407xx.o(RESET) refers to stm32f4xx_it.o(i.USART3_IRQHandler) for USART3_IRQHandler
    startup_stm32f407xx.o(RESET) refers to stm32f4xx_it.o(i.EXTI15_10_IRQHandler) for EXTI15_10_IRQHandler
    startup_stm32f407xx.o(.text) refers to system_stm32f4xx.o(i.SystemInit) for SystemInit
    startup_stm32f407xx.o(.text) refers to entry.o(.ARM.Collect$$$$00000000) for __main
    main.o(i.HAL_GPIO_EXTI_Callback) refers to stm32f4xx_hal_gpio.o(i.HAL_GPIO_ReadPin) for HAL_GPIO_ReadPin
    main.o(i.HAL_GPIO_EXTI_Callback) refers to main.o(.data) for .data
    main.o(i.HAL_TIM_PeriodElapsedCallback) refers to main.o(i.position_cal) for position_cal
    main.o(i.HAL_TIM_PeriodElapsedCallback) refers to main.o(i.cal_vel_ref) for cal_vel_ref
    main.o(i.HAL_TIM_PeriodElapsedCallback) refers to main.o(i.PID_controller_wheel1) for PID_controller_wheel1
    main.o(i.HAL_TIM_PeriodElapsedCallback) refers to main.o(i.PID_controller_wheel2) for PID_controller_wheel2
    main.o(i.HAL_TIM_PeriodElapsedCallback) refers to main.o(i.PID_controller_wheel3) for PID_controller_wheel3
    main.o(i.HAL_TIM_PeriodElapsedCallback) refers to main.o(i.PID_controller_wheel4) for PID_controller_wheel4
    main.o(i.HAL_TIM_PeriodElapsedCallback) refers to main.o(.bss) for .bss
    main.o(i.HAL_TIM_PeriodElapsedCallback) refers to main.o(.data) for .data
    main.o(i.HAL_UART_RxCpltCallback) refers to atof.o(i.__hardfp_atof) for __hardfp_atof
    main.o(i.HAL_UART_RxCpltCallback) refers to d2f.o(.text) for __aeabi_d2f
    main.o(i.HAL_UART_RxCpltCallback) refers to dfixi.o(.text) for __aeabi_d2iz
    main.o(i.HAL_UART_RxCpltCallback) refers to stm32f4xx_hal_uart.o(i.HAL_UART_Receive_IT) for HAL_UART_Receive_IT
    main.o(i.HAL_UART_RxCpltCallback) refers to main.o(.bss) for .bss
    main.o(i.HAL_UART_RxCpltCallback) refers to main.o(.data) for .data
    main.o(i.Init_Motor1) refers to stm32f4xx_hal_gpio.o(i.HAL_GPIO_WritePin) for HAL_GPIO_WritePin
    main.o(i.Init_Motor1) refers to stm32f4xx_hal_tim.o(i.HAL_TIM_PWM_Start) for HAL_TIM_PWM_Start
    main.o(i.Init_Motor1) refers to main.o(.bss) for .bss
    main.o(i.Init_Motor2) refers to stm32f4xx_hal_gpio.o(i.HAL_GPIO_WritePin) for HAL_GPIO_WritePin
    main.o(i.Init_Motor2) refers to stm32f4xx_hal_tim.o(i.HAL_TIM_PWM_Start) for HAL_TIM_PWM_Start
    main.o(i.Init_Motor2) refers to main.o(.bss) for .bss
    main.o(i.Init_Motor3) refers to stm32f4xx_hal_gpio.o(i.HAL_GPIO_WritePin) for HAL_GPIO_WritePin
    main.o(i.Init_Motor3) refers to stm32f4xx_hal_tim.o(i.HAL_TIM_PWM_Start) for HAL_TIM_PWM_Start
    main.o(i.Init_Motor3) refers to main.o(.bss) for .bss
    main.o(i.Init_Motor4) refers to stm32f4xx_hal_gpio.o(i.HAL_GPIO_WritePin) for HAL_GPIO_WritePin
    main.o(i.Init_Motor4) refers to stm32f4xx_hal_tim.o(i.HAL_TIM_PWM_Start) for HAL_TIM_PWM_Start
    main.o(i.Init_Motor4) refers to main.o(.bss) for .bss
    main.o(i.MX_GPIO_Init) refers to memseta.o(.text) for __aeabi_memclr4
    main.o(i.MX_GPIO_Init) refers to stm32f4xx_hal_gpio.o(i.HAL_GPIO_WritePin) for HAL_GPIO_WritePin
    main.o(i.MX_GPIO_Init) refers to stm32f4xx_hal_gpio.o(i.HAL_GPIO_Init) for HAL_GPIO_Init
    main.o(i.MX_GPIO_Init) refers to stm32f4xx_hal_cortex.o(i.HAL_NVIC_SetPriority) for HAL_NVIC_SetPriority
    main.o(i.MX_GPIO_Init) refers to stm32f4xx_hal_cortex.o(i.HAL_NVIC_EnableIRQ) for HAL_NVIC_EnableIRQ
    main.o(i.MX_TIM12_Init) refers to memseta.o(.text) for __aeabi_memclr4
    main.o(i.MX_TIM12_Init) refers to stm32f4xx_hal_tim.o(i.HAL_TIM_Base_Init) for HAL_TIM_Base_Init
[...]
    ../fplib/microlib/f2d.c                  0x00000000   Number         0  f2d.o ABSOLUTE
    ../fplib/microlib/fpadd.c                0x00000000   Number         0  dadd.o ABSOLUTE
    ../fplib/microlib/fpdiv.c                0x00000000   Number         0  ddiv.o ABSOLUTE
    ../fplib/microlib/fpepilogue.c           0x00000000   Number         0  depilogue.o ABSOLUTE
    ../fplib/microlib/fpepilogue.c           0x00000000   Number         0  fepilogue.o ABSOLUTE
    ../fplib/microlib/fpfix.c                0x00000000   Number         0  dfixi.o ABSOLUTE
    ../fplib/microlib/fpfix.c                0x00000000   Number         0  dfixul.o ABSOLUTE
    ../fplib/microlib/fpflt.c                0x00000000   Number         0  dfltul.o ABSOLUTE
    ../fplib/microlib/fpflt.c                0x00000000   Number         0  dfltui.o ABSOLUTE
    ../fplib/microlib/fpflt.c                0x00000000   Number         0  dflti.o ABSOLUTE
    ../fplib/microlib/fpmul.c                0x00000000   Number         0  dmul.o ABSOLUTE
    ../fplib/microlib/fpneg.c                0x00000000   Number         0  dneg.o ABSOLUTE
    ../mathlib/atof.c                        0x00000000   Number         0  atof.o ABSOLUTE
    ../mathlib/cos.c                         0x00000000   Number         0  cos.o ABSOLUTE
    ../mathlib/cos.c                         0x00000000   Number         0  cos_x.o ABSOLUTE
    ../mathlib/cos_i.c                       0x00000000   Number         0  cos_i.o ABSOLUTE
    ../mathlib/dunder.c                      0x00000000   Number         0  dunder.o ABSOLUTE
    ../mathlib/fabs.c                        0x00000000   Number         0  fabs.o ABSOLUTE
    ../mathlib/fpclassify.c                  0x00000000   Number         0  fpclassify.o ABSOLUTE
    ../mathlib/poly.c                        0x00000000   Number         0  poly.o ABSOLUTE
    ../mathlib/rred.c                        0x00000000   Number         0  rred.o ABSOLUTE
    ../mathlib/sin.c                         0x00000000   Number         0  sin.o ABSOLUTE
    ../mathlib/sin.c                         0x00000000   Number         0  sin_x.o ABSOLUTE
    ../mathlib/sin_i.c                       0x00000000   Number         0  sin_i_x.o ABSOLUTE
    ../mathlib/sin_i.c                       0x00000000   Number         0  sin_i.o ABSOLUTE
    ..\Core\Src\main.c                       0x00000000   Number         0  main.o ABSOLUTE
    ..\Core\Src\stm32f4xx_hal_msp.c          0x00000000   Number         0  stm32f4xx_hal_msp.o ABSOLUTE
    ..\Core\Src\stm32f4xx_it.c               0x00000000   Number         0  stm32f4xx_it.o ABSOLUTE
    ..\Core\Src\system_stm32f4xx.c           0x00000000   Number         0  system_stm32f4xx.o ABSOLUTE
    ..\Drivers\STM32F4xx_HAL_Driver\Src\stm32f4xx_hal.c 0x00000000   Number         0  stm32f4xx_hal.o ABSOLUTE
    ..\Drivers\STM32F4xx_HAL_Driver\Src\stm32f4xx_hal_cortex.c 0x00000000   Number         0  stm32f4xx_hal_cortex.o ABSOLUTE
    ..\Drivers\STM32F4xx_HAL_Driver\Src\stm32f4xx_hal_dma.c 0x00000000   Number         0  stm32f4xx_hal_dma.o ABSOLUTE
    ..\Drivers\STM32F4xx_HAL_Driver\Src\stm32f4xx_hal_dma_ex.c 0x00000000   Number         0  stm32f4xx_hal_dma_ex.o ABSOLUTE
    ..\Drivers\STM32F4xx_HAL_Driver\Src\stm32f4xx_hal_exti.c 0x00000000   Number         0  stm32f4xx_hal_exti.o ABSOLUTE
    ..\Drivers\STM32F4xx_HAL_Driver\Src\stm32f4xx_hal_flash.c 0x00000000   Number         0  stm32f4xx_hal_flash.o ABSOLUTE
    ..\Drivers\STM32F4xx_HAL_Driver\Src\stm32f4xx_hal_flash_ex.c 0x00000000   Number         0  stm32f4xx_hal_flash_ex.o ABSOLUTE
    ..\Drivers\STM32F4xx_HAL_Driver\Src\stm32f4xx_hal_flash_ramfunc.c 0x00000000   Number         0  stm32f4xx_hal_flash_ramfunc.o ABSOLUTE
    ..\Drivers\STM32F4xx_HAL_Driver\Src\stm32f4xx_hal_gpio.c 0x00000000   Number         0  stm32f4xx_hal_gpio.o ABSOLUTE
    ..\Drivers\STM32F4xx_HAL_Driver\Src\stm32f4xx_hal_pwr.c 0x00000000   Number         0  stm32f4xx_hal_pwr.o ABSOLUTE
    ..\Drivers\STM32F4xx_HAL_Driver\Src\stm32f4xx_hal_pwr_ex.c 0x00000000   Number         0  stm32f4xx_hal_pwr_ex.o ABSOLUTE
    ..\Drivers\STM32F4xx_HAL_Driver\Src\stm32f4xx_hal_rcc.c 0x00000000   Number         0  stm32f4xx_hal_rcc.o ABSOLUTE
    ..\Drivers\STM32F4xx_HAL_Driver\Src\stm32f4xx_hal_rcc_ex.c 0x00000000   Number         0  stm32f4xx_hal_rcc_ex.o ABSOLUTE
    ..\Drivers\STM32F4xx_HAL_Driver\Src\stm32f4xx_hal_tim.c 0x00000000   Number         0  stm32f4xx_hal_tim.o ABSOLUTE
    ..\Drivers\STM32F4xx_HAL_Driver\Src\stm32f4xx_hal_tim_ex.c 0x00000000   Number         0  stm32f4xx_hal_tim_ex.o ABSOLUTE
    ..\Drivers\STM32F4xx_HAL_Driver\Src\stm32f4xx_hal_uart.c 0x00000000   Number         0  stm32f4xx_hal_uart.o ABSOLUTE
    cdrcmple.s                               0x00000000   Number         0  cdrcmple.o ABSOLUTE
    dc.s                                     0x00000000   Number         0  dc.o ABSOLUTE
    handlers.s                               0x00000000   Number         0  handlers.o ABSOLUTE
    init.s                                   0x00000000   Number         0  init.o ABSOLUTE
    startup_stm32f407xx.s                    0x00000000   Number         0  startup_stm32f407xx.o ABSOLUTE
    RESET                                    0x08000000   Section      392  startup_stm32f407xx.o(RESET)
    .ARM.Collect$$$$00000000                 0x08000188   Section        0  entry.o(.ARM.Collect$$$$00000000)
    .ARM.Collect$$$$00000001                 0x08000188   Section        4  entry2.o(.ARM.Collect$$$$00000001)
    .ARM.Collect$$$$00000004                 0x0800018c   Section        4  entry5.o(.ARM.Collect$$$$00000004)
    .ARM.Collect$$$$00000008                 0x08000190   Section        0  entry7b.o(.ARM.Collect$$$$00000008)
    .ARM.Collect$$$$0000000A                 0x08000190   Section        0  entry8b.o(.ARM.Collect$$$$0000000A)
    .ARM.Collect$$$$0000000B                 0x08000190   Section        8  entry9a.o(.ARM.Collect$$$$0000000B)
    .ARM.Collect$$$$0000000D                 0x08000198   Section        0  entry10a.o(.ARM.Collect$$$$0000000D)
    .ARM.Collect$$$$0000000F                 0x08000198   Section        0  entry11a.o(.ARM.Collect$$$$0000000F)
    .ARM.Collect$$$$00002712                 0x08000198   Section        4  entry2.o(.ARM.Collect$$$$00002712)
    __lit__00000000                          0x08000198   Data           4  entry2.o(.ARM.Collect$$$$00002712)
    .text                                    0x0800019c   Section       36  startup_stm32f407xx.o(.text)
    $v0                                      0x0800019c   Number         0  startup_stm32f407xx.o(.text)
    .text                                    0x080001c0   Section        0  uldiv.o(.text)
    .text                                    0x08000222   Section        0  memseta.o(.text)
    .text                                    0x08000246   Section        0  strlen.o(.text)
    .text                                    0x08000254   Section        0  dadd.o(.text)
    .text                                    0x080003a2   Section        0  dmul.o(.text)
    .text                                    0x08000486   Section        0  dfixi.o(.text)
    .text                                    0x080004c4   Section        0  f2d.o(.text)
    .text                                    0x080004ea   Section        0  d2f.o(.text)
    .text                                    0x08000522   Section        0  uidiv.o(.text)
    .text                                    0x0800054e   Section        0  llshl.o(.text)
    .text                                    0x0800056c   Section        0  llushr.o(.text)
    .text                                    0x0800058c   Section        0  llsshr.o(.text)
    .text                                    0x080005b0   Section        0  strtod.o(.text)
    _local_sscanf                            0x080005b1   Thumb Code    54  strtod.o(.text)
    .text                                    0x0800064c   Section        0  iusefp.o(.text)
    .text                                    0x0800064c   Section        0  fepilogue.o(.text)
    .text                                    0x080006ba   Section        0  depilogue.o(.text)
    .text                                    0x08000774   Section        0  ddiv.o(.text)
    .text                                    0x08000852   Section        0  dfixul.o(.text)
    .text                                    0x08000884   Section       48  cdrcmple.o(.text)
    .text                                    0x080008b4   Section       36  init.o(.text)
    .text                                    0x080008d8   Section        0  isspace_c.o(.text)
    .text                                    0x080008e4   Section        0  scanf_fp.o(.text)
    _fp_value                                0x080008e5   Thumb Code   296  scanf_fp.o(.text)
    .text                                    0x08000c44   Section        0  _sgetc.o(.text)
    .text                                    0x08000c84   Section        0  dflti.o(.text)
    .text                                    0x08000ca6   Section        0  dfltui.o(.text)
    .text                                    0x08000cc0   Section        0  ctype_c.o(.text)
    .text                                    0x08000ce8   Section        0  dfltul.o(.text)
    .text                                    0x08000d00   Section        0  __dczerorl.o(.text)
    i.BusFault_Handler                       0x08000d3a   Section        0  stm32f4xx_it.o(i.BusFault_Handler)
    i.DebugMon_Handler                       0x08000d3c   Section        0  stm32f4xx_it.o(i.DebugMon_Handler)
    i.EXTI0_IRQHandler                       0x08000d3e   Section        0  stm32f4xx_it.o(i.EXTI0_IRQHandler)
    i.EXTI15_10_IRQHandler                   0x08000d44   Section        0  stm32f4xx_it.o(i.EXTI15_10_IRQHandler)
    i.HAL_DMA_Abort                          0x08000d62   Section        0  stm32f4xx_hal_dma.o(i.HAL_DMA_Abort)
    i.HAL_DMA_Abort_IT                       0x08000df4   Section        0  stm32f4xx_hal_dma.o(i.HAL_DMA_Abort_IT)
    i.HAL_Delay                              0x08000e18   Section        0  stm32f4xx_hal.o(i.HAL_Delay)
    i.HAL_GPIO_EXTI_Callback                 0x08000e3c   Section        0  main.o(i.HAL_GPIO_EXTI_Callback)
    i.HAL_GPIO_EXTI_IRQHandler               0x08000ecc   Section        0  stm32f4xx_hal_gpio.o(i.HAL_GPIO_EXTI_IRQHandler)
    i.HAL_GPIO_Init                          0x08000ee4   Section        0  stm32f4xx_hal_gpio.o(i.HAL_GPIO_Init)
    i.HAL_GPIO_ReadPin                       0x080010d4   Section        0  stm32f4xx_hal_gpio.o(i.HAL_GPIO_ReadPin)
    i.HAL_GPIO_WritePin                      0x080010de   Section        0  stm32f4xx_hal_gpio.o(i.HAL_GPIO_WritePin)
    i.HAL_GetTick                            0x080010e8   Section        0  stm32f4xx_hal.o(i.HAL_GetTick)
    i.HAL_IncTick                            0x080010f4   Section        0  stm32f4xx_hal.o(i.HAL_IncTick)
    i.HAL_Init                               0x08001104   Section        0  stm32f4xx_hal.o(i.HAL_Init)
    i.HAL_InitTick                           0x08001138   Section        0  stm32f4xx_hal.o(i.HAL_InitTick)
    i.HAL_MspInit                            0x08001178   Section        0  stm32f4xx_hal_msp.o(i.HAL_MspInit)
    i.HAL_NVIC_EnableIRQ                     0x080011a8   Section        0  stm32f4xx_hal_cortex.o(i.HAL_NVIC_EnableIRQ)
    i.HAL_NVIC_SetPriority                   0x080011c4   Section        0  stm32f4xx_hal_cortex.o(i.HAL_NVIC_SetPriority)
    i.HAL_NVIC_SetPriorityGrouping           0x08001204   Section        0  stm32f4xx_hal_cortex.o(i.HAL_NVIC_SetPriorityGrouping)
    i.HAL_RCC_ClockConfig                    0x08001228   Section        0  stm32f4xx_hal_rcc.o(i.HAL_RCC_ClockConfig)
    i.HAL_RCC_GetPCLK1Freq                   0x0800135c   Section        0  stm32f4xx_hal_rcc.o(i.HAL_RCC_GetPCLK1Freq)
    i.HAL_RCC_GetPCLK2Freq                   0x0800137c   Section        0  stm32f4xx_hal_rcc.o(i.HAL_RCC_GetPCLK2Freq)
    i.HAL_RCC_GetSysClockFreq                0x0800139c   Section        0  stm32f4xx_hal_rcc.o(i.HAL_RCC_GetSysClockFreq)
    i.HAL_RCC_OscConfig                      0x08001400   Section        0  stm32f4xx_hal_rcc.o(i.HAL_RCC_OscConfig)
    i.HAL_SYSTICK_Config                     0x0800176c   Section        0  stm32f4xx_hal_cortex.o(i.HAL_SYSTICK_Config)
    i.HAL_TIMEx_BreakCallback                0x08001794   Section        0  stm32f4xx_hal_tim_ex.o(i.HAL_TIMEx_BreakCallback)
    i.HAL_TIMEx_CommutCallback               0x08001796   Section        0  stm32f4xx_hal_tim_ex.o(i.HAL_TIMEx_CommutCallback)
    i.HAL_TIMEx_MasterConfigSynchronization  0x08001798   Section        0  stm32f4xx_hal_tim_ex.o(i.HAL_TIMEx_MasterConfigSynchronization)
    i.HAL_TIM_Base_Init                      0x08001828   Section        0  stm32f4xx_hal_tim.o(i.HAL_TIM_Base_Init)
    i.HAL_TIM_Base_MspInit                   0x08001884   Section        0  stm32f4xx_hal_msp.o(i.HAL_TIM_Base_MspInit)
    i.HAL_TIM_Base_Start_IT                  0x08001928   Section        0  stm32f4xx_hal_tim.o(i.HAL_TIM_Base_Start_IT)
    i.HAL_TIM_ConfigClockSource              0x080019a8   Section        0  stm32f4xx_hal_tim.o(i.HAL_TIM_ConfigClockSource)
    i.HAL_TIM_IC_CaptureCallback             0x08001a84   Section        0  stm32f4xx_hal_tim.o(i.HAL_TIM_IC_CaptureCallback)
    i.HAL_TIM_IRQHandler                     0x08001a86   Section        0  stm32f4xx_hal_tim.o(i.HAL_TIM_IRQHandler)
    i.HAL_TIM_MspPostInit                    0x08001bec   Section        0  stm32f4xx_hal_msp.o(i.HAL_TIM_MspPostInit)
    i.HAL_TIM_OC_DelayElapsedCallback        0x08001cc8   Section        0  stm32f4xx_hal_tim.o(i.HAL_TIM_OC_DelayElapsedCallback)
    i.HAL_TIM_PWM_ConfigChannel              0x08001cca   Section        0  stm32f4xx_hal_tim.o(i.HAL_TIM_PWM_ConfigChannel)
    i.HAL_TIM_PWM_Init                       0x08001d96   Section        0  stm32f4xx_hal_tim.o(i.HAL_TIM_PWM_Init)
    i.HAL_TIM_PWM_MspInit                    0x08001df0   Section        0  stm32f4xx_hal_tim.o(i.HAL_TIM_PWM_MspInit)
    i.HAL_TIM_PWM_PulseFinishedCallback      0x08001df2   Section        0  stm32f4xx_hal_tim.o(i.HAL_TIM_PWM_PulseFinishedCallback)
    i.HAL_TIM_PWM_Start                      0x08001df4   Section        0  stm32f4xx_hal_tim.o(i.HAL_TIM_PWM_Start)
    i.HAL_TIM_PeriodElapsedCallback          0x08001ebc   Section        0  main.o(i.HAL_TIM_PeriodElapsedCallback)
    i.HAL_TIM_TriggerCallback                0x08001f9c   Section        0  stm32f4xx_hal_tim.o(i.HAL_TIM_TriggerCallback)
    i.HAL_UARTEx_RxEventCallback             0x08001f9e   Section        0  stm32f4xx_hal_uart.o(i.HAL_UARTEx_RxEventCallback)
    i.HAL_UART_ErrorCallback                 0x08001fa0   Section        0  stm32f4xx_hal_uart.o(i.HAL_UART_ErrorCallback)
    i.HAL_UART_IRQHandler                    0x08001fa4   Section        0  stm32f4xx_hal_uart.o(i.HAL_UART_IRQHandler)
    i.HAL_UART_Init                          0x0800220c   Section        0  stm32f4xx_hal_uart.o(i.HAL_UART_Init)
    i.HAL_UART_MspInit                       0x08002270   Section        0  stm32f4xx_hal_msp.o(i.HAL_UART_MspInit)
    i.HAL_UART_Receive_IT                    0x080022ec   Section        0  stm32f4xx_hal_uart.o(i.HAL_UART_Receive_IT)
    i.HAL_UART_RxCpltCallback                0x08002318   Section        0  main.o(i.HAL_UART_RxCpltCallback)
    i.HAL_UART_Transmit                      0x08002414   Section        0  stm32f4xx_hal_uart.o(i.HAL_UART_Transmit)
    i.HAL_UART_TxCpltCallback                0x080024c6   Section        0  stm32f4xx_hal_uart.o(i.HAL_UART_TxCpltCallback)
    i.HardFault_Handler                      0x080024c8   Section        0  stm32f4xx_it.o(i.HardFault_Handler)
    i.Init_Motor1                            0x080024cc   Section        0  main.o(i.Init_Motor1)
    i.Init_Motor2                            0x08002524   Section        0  main.o(i.Init_Motor2)
    i.Init_Motor3                            0x08002578   Section        0  main.o(i.Init_Motor3)
    i.Init_Motor4                            0x080025cc   Section        0  main.o(i.Init_Motor4)
    i.MX_GPIO_Init                           0x08002624   Section        0  main.o(i.MX_GPIO_Init)
    MX_GPIO_Init                             0x08002625   Thumb Code   468  main.o(i.MX_GPIO_Init)
    i.MX_TIM12_Init                          0x08002810   Section        0  main.o(i.MX_TIM12_Init)
    MX_TIM12_Init                            0x08002811   Thumb Code   108  main.o(i.MX_TIM12_Init)
    i.MX_TIM2_Init                           0x08002884   Section        0  main.o(i.MX_TIM2_Init)
    MX_TIM2_Init                             0x08002885   Thumb Code    76  main.o(i.MX_TIM2_Init)
    i.MX_TIM3_Init                           0x080028d4   Section        0  main.o(i.MX_TIM3_Init)
    MX_TIM3_Init                             0x080028d5   Thumb Code   124  main.o(i.MX_TIM3_Init)
    i.MX_TIM5_Init                           0x08002958   Section        0  main.o(i.MX_TIM5_Init)
    MX_TIM5_Init                             0x08002959   Thumb Code   124  main.o(i.MX_TIM5_Init)
    i.MX_TIM9_Init                           0x080029dc   Section        0  main.o(i.MX_TIM9_Init)
    MX_TIM9_Init                             0x080029dd   Thumb Code   108  main.o(i.MX_TIM9_Init)
    i.MemManage_Handler                      0x08002a50   Section        0  stm32f4xx_it.o(i.MemManage_Handler)
    i.NMI_Handler                            0x08002a52   Section        0  stm32f4xx_it.o(i.NMI_Handler)
    i.PID_controller_wheel1                  0x08002a54   Section        0  main.o(i.PID_controller_wheel1)
    i.PID_controller_wheel2                  0x08002b9c   Section        0  main.o(i.PID_controller_wheel2)
    i.PID_controller_wheel3                  0x08002ce4   Section        0  main.o(i.PID_controller_wheel3)
    i.PID_controller_wheel4                  0x08002e2c   Section        0  main.o(i.PID_controller_wheel4)
    i.PendSV_Handler                         0x08002f74   Section        0  stm32f4xx_it.o(i.PendSV_Handler)
    i.SVC_Handler                            0x08002f76   Section        0  stm32f4xx_it.o(i.SVC_Handler)
    i.SysTick_Handler                        0x08002f78   Section        0  stm32f4xx_it.o(i.SysTick_Handler)
    i.SystemClock_Config                     0x08002f7c   Section        0  main.o(i.SystemClock_Config)
    i.SystemInit                             0x08002fec   Section        0  system_stm32f4xx.o(i.SystemInit)
    i.TIM2_IRQHandler                        0x08003008   Section        0  stm32f4xx_it.o(i.TIM2_IRQHandler)
    i.TIM_Base_SetConfig                     0x08003014   Section        0  stm32f4xx_hal_tim.o(i.TIM_Base_SetConfig)
    i.TIM_CCxChannelCmd                      0x080030dc   Section        0  stm32f4xx_hal_tim.o(i.TIM_CCxChannelCmd)
    i.TIM_ETR_SetConfig                      0x080030f6   Section        0  stm32f4xx_hal_tim.o(i.TIM_ETR_SetConfig)
    i.TIM_ITRx_SetConfig                     0x0800310a   Section        0  stm32f4xx_hal_tim.o(i.TIM_ITRx_SetConfig)
    TIM_ITRx_SetConfig                       0x0800310b   Thumb Code    16  stm32f4xx_hal_tim.o(i.TIM_ITRx_SetConfig)
    i.TIM_OC1_SetConfig                      0x0800311c   Section        0  stm32f4xx_hal_tim.o(i.TIM_OC1_SetConfig)
    TIM_OC1_SetConfig                        0x0800311d   Thumb Code    88  stm32f4xx_hal_tim.o(i.TIM_OC1_SetConfig)
    i.TIM_OC2_SetConfig                      0x0800317c   Section        0  stm32f4xx_hal_tim.o(i.TIM_OC2_SetConfig)
    i.TIM_OC3_SetConfig                      0x080031e8   Section        0  stm32f4xx_hal_tim.o(i.TIM_OC3_SetConfig)
    TIM_OC3_SetConfig                        0x080031e9   Thumb Code    96  stm32f4xx_hal_tim.o(i.TIM_OC3_SetConfig)
    i.TIM_OC4_SetConfig                      0x08003250   Section        0  stm32f4xx_hal_tim.o(i.TIM_OC4_SetConfig)
    TIM_OC4_SetConfig                        0x08003251   Thumb Code    70  stm32f4xx_hal_tim.o(i.TIM_OC4_SetConfig)
    i.TIM_TI1_ConfigInputStage               0x080032a0   Section        0  stm32f4xx_hal_tim.o(i.TIM_TI1_ConfigInputStage)
    TIM_TI1_ConfigInputStage                 0x080032a1   Thumb Code    34  stm32f4xx_hal_tim.o(i.TIM_TI1_ConfigInputStage)
    i.TIM_TI2_ConfigInputStage               0x080032c2   Section        0  stm32f4xx_hal_tim.o(i.TIM_TI2_ConfigInputStage)
    TIM_TI2_ConfigInputStage                 0x080032c3   Thumb Code    36  stm32f4xx_hal_tim.o(i.TIM_TI2_ConfigInputStage)
    i.UART_DMAAbortOnError                   0x080032e6   Section        0  stm32f4xx_hal_uart.o(i.UART_DMAAbortOnError)
    UART_DMAAbortOnError                     0x080032e7   Thumb Code    16  stm32f4xx_hal_uart.o(i.UART_DMAAbortOnError)
    i.UART_EndRxTransfer                     0x080032f6   Section        0  stm32f4xx_hal_uart.o(i.UART_EndRxTransfer)
    UART_EndRxTransfer                       0x080032f7   Thumb Code    78  stm32f4xx_hal_uart.o(i.UART_EndRxTransfer)
    i.UART_Receive_IT                        0x08003344   Section        0  stm32f4xx_hal_uart.o(i.UART_Receive_IT)
    UART_Receive_IT                          0x08003345   Thumb Code   192  stm32f4xx_hal_uart.o(i.UART_Receive_IT)
    i.UART_SetConfig                         0x08003404   Section        0  stm32f4xx_hal_uart.o(i.UART_SetConfig)
    UART_SetConfig                           0x08003405   Thumb Code   258  stm32f4xx_hal_uart.o(i.UART_SetConfig)
    i.UART_Start_Receive_IT                  0x08003510   Section        0  stm32f4xx_hal_uart.o(i.UART_Start_Receive_IT)
    i.UART_WaitOnFlagUntilTimeout            0x08003546   Section        0  stm32f4xx_hal_uart.o(i.UART_WaitOnFlagUntilTimeout)
    UART_WaitOnFlagUntilTimeout              0x08003547   Thumb Code   120  stm32f4xx_hal_uart.o(i.UART_WaitOnFlagUntilTimeout)
    i.USART3_IRQHandler                      0x080035c0   Section        0  stm32f4xx_it.o(i.USART3_IRQHandler)
    i.UsageFault_Handler                     0x080035cc   Section        0  stm32f4xx_it.o(i.UsageFault_Handler)
    i.__0sprintf                             0x080035d0   Section        0  printfa.o(i.__0sprintf)
    i.__ARM_fpclassify                       0x080035f8   Section        0  fpclassify.o(i.__ARM_fpclassify)
    i.__NVIC_SetPriority                     0x08003628   Section        0  stm32f4xx_hal_cortex.o(i.__NVIC_SetPriority)
    __NVIC_SetPriority                       0x08003629   Thumb Code    32  stm32f4xx_hal_cortex.o(i.__NVIC_SetPriority)
    i.__hardfp_atof                          0x08003648   Section        0  atof.o(i.__hardfp_atof)
    i.__hardfp_cos                           0x08003680   Section        0  cos.o(i.__hardfp_cos)
    i.__hardfp_sin                           0x08003748   Section        0  sin.o(i.__hardfp_sin)
    i.__ieee754_rem_pio2                     0x08003810   Section        0  rred.o(i.__ieee754_rem_pio2)
    i.__kernel_cos                           0x08003c48   Section        0  cos_i.o(i.__kernel_cos)
    i.__kernel_poly                          0x08003db8   Section        0  poly.o(i.__kernel_poly)
    i.__kernel_sin                           0x08003eb0   Section        0  sin_i.o(i.__kernel_sin)
    i.__mathlib_dbl_infnan                   0x08003fe0   Section        0  dunder.o(i.__mathlib_dbl_infnan)
    i.__mathlib_dbl_invalid                  0x08003ff8   Section        0  dunder.o(i.__mathlib_dbl_invalid)
    i.__mathlib_dbl_underflow                0x08004018   Section        0  dunder.o(i.__mathlib_dbl_underflow)
    i.__read_errno                           0x08004038   Section        0  errno.o(i.__read_errno)
    i.__scatterload_copy                     0x08004044   Section       14  handlers.o(i.__scatterload_copy)
    i.__scatterload_null                     0x08004052   Section        2  handlers.o(i.__scatterload_null)
    i.__scatterload_zeroinit                 0x08004054   Section       14  handlers.o(i.__scatterload_zeroinit)
    i.__set_errno                            0x08004064   Section        0  errno.o(i.__set_errno)
    i._fp_digits                             0x08004070   Section        0  printfa.o(i._fp_digits)
    _fp_digits                               0x08004071   Thumb Code   366  printfa.o(i._fp_digits)
    i._is_digit                              0x080041f4   Section        0  scanf_fp.o(i._is_digit)
    i._printf_core                           0x08004204   Section        0  printfa.o(i._printf_core)
    _printf_core                             0x08004205   Thumb Code  1744  printfa.o(i._printf_core)
    i._printf_post_padding                   0x080048e0   Section        0  printfa.o(i._printf_post_padding)
    _printf_post_padding                     0x080048e1   Thumb Code    36  printfa.o(i._printf_post_padding)
    i._printf_pre_padding                    0x08004904   Section        0  printfa.o(i._printf_pre_padding)
    _printf_pre_padding                      0x08004905   Thumb Code    46  printfa.o(i._printf_pre_padding)
    i._sputc                                 0x08004932   Section        0  printfa.o(i._sputc)
    _sputc                                   0x08004933   Thumb Code    10  printfa.o(i._sputc)
    i.cal_vel_ref                            0x0800493c   Section        0  main.o(i.cal_vel_ref)
    i.check_w_ref                            0x08004b20   Section        0  main.o(i.check_w_ref)
    i.fabs                                   0x08004d70   Section        0  fabs.o(i.fabs)
    i.main                                   0x08004d88   Section        0  main.o(i.main)
    i.position_cal                           0x08004e34   Section        0  main.o(i.position_cal)
    i.position_feedback                      0x08005108   Section        0  main.o(i.position_feedback)
    i.signal_feedback_PID_parameter          0x08005180   Section        0  main.o(i.signal_feedback_PID_parameter)
    i.signal_feedback_error                  0x08005240   Section        0  main.o(i.signal_feedback_error)
    i.signal_feedback_w_wheel                0x08005364   Section        0  main.o(i.signal_feedback_w_wheel)
    .constdata                               0x08005488   Section       16  system_stm32f4xx.o(.constdata)
    .constdata                               0x08005498   Section        8  system_stm32f4xx.o(.constdata)
    .constdata                               0x080054a0   Section       48  cos_i.o(.constdata)
    C                                        0x080054a0   Data          48  cos_i.o(.constdata)
    .constdata                               0x080054d0   Section      200  rred.o(.constdata)
    pio2s                                    0x080054d0   Data          48  rred.o(.constdata)
    twooverpi                                0x08005500   Data         152  rred.o(.constdata)
    .constdata                               0x08005598   Section       40  sin_i.o(.constdata)
    S                                        0x08005598   Data          40  sin_i.o(.constdata)
    .constdata                               0x080055c0   Section       64  ctype_c.o(.constdata)
    .data                                    0x20000000   Section      312  main.o(.data)
    .data                                    0x20000138   Section       12  stm32f4xx_hal.o(.data)
    .data                                    0x20000144   Section        4  system_stm32f4xx.o(.data)
    .data                                    0x20000148   Section        4  errno.o(.data)
    _errno                                   0x20000148   Data           4  errno.o(.data)
    .bss                                     0x2000014c   Section      553  main.o(.bss)
    STACK                                    0x20000378   Section     1024  startup_stm32f407xx.o(STACK)

    Global Symbols

    Symbol Name                              Value     Ov Type        Size  Object(Section)

    BuildAttributes$$THM_ISAv4$E$P$D$K$B$S$7EM$VFPi3$EXTD16$VFPS$VFMA$PE$A:L22UL41UL21$X:L11$S22US41US21$IEEE1$IW$USESV6$~STKCKD$USESV7$~SHL$OTIME$ROPI$IEEEX$EBA8$MICROLIB$REQ8$PRES8$EABIv2 0x00000000   Number         0  anon$$obj.o ABSOLUTE
    __ARM_use_no_argv                        0x00000000   Number         0  main.o ABSOLUTE
    _printf_a                                0x00000000   Number         0  stubs.o ABSOLUTE
    _printf_c                                0x00000000   Number         0  stubs.o ABSOLUTE
    _printf_charcount                        0x00000000   Number         0  stubs.o ABSOLUTE
    _printf_d                                0x00000000   Number         0  stubs.o ABSOLUTE
    _printf_e                                0x00000000   Number         0  stubs.o ABSOLUTE
    _printf_f                                0x00000000   Number         0  stubs.o ABSOLUTE
    _printf_flags                            0x00000000   Number         0  stubs.o ABSOLUTE
    _printf_fp_dec                           0x00000000   Number         0  stubs.o ABSOLUTE
    _printf_fp_hex                           0x00000000   Number         0  stubs.o ABSOLUTE
    _printf_g                                0x00000000   Number         0  stubs.o ABSOLUTE
    _printf_i                                0x00000000   Number         0  stubs.o ABSOLUTE
    _printf_int_dec                          0x00000000   Number         0  stubs.o ABSOLUTE
    _printf_l                                0x00000000   Number         0  stubs.o ABSOLUTE
    _printf_lc                               0x00000000   Number         0  stubs.o ABSOLUTE
    _printf_ll                               0x00000000   Number         0  stubs.o ABSOLUTE
    _printf_lld                              0x00000000   Number         0  stubs.o ABSOLUTE
    _printf_lli                              0x00000000   Number         0  stubs.o ABSOLUTE
    _printf_llo                              0x00000000   Number         0  stubs.o ABSOLUTE
    _printf_llu                              0x00000000   Number         0  stubs.o ABSOLUTE
    _printf_llx                              0x00000000   Number         0  stubs.o ABSOLUTE
    _printf_longlong_dec                     0x00000000   Number         0  stubs.o ABSOLUTE
    _printf_longlong_hex                     0x00000000   Number         0  stubs.o ABSOLUTE
    _printf_longlong_oct                     0x00000000   Number         0  stubs.o ABSOLUTE
    _printf_ls                               0x00000000   Number         0  stubs.o ABSOLUTE
    _printf_mbtowc                           0x00000000   Number         0  stubs.o ABSOLUTE
    _printf_n                                0x00000000   Number         0  stubs.o ABSOLUTE
    _printf_o                                0x00000000   Number         0  stubs.o ABSOLUTE
    _printf_p                                0x00000000   Number         0  stubs.o ABSOLUTE
    _printf_percent                          0x00000000   Number         0  stubs.o ABSOLUTE
    _printf_pre_padding                      0x00000000   Number         0  stubs.o ABSOLUTE
    _printf_return_value                     0x00000000   Number         0  stubs.o ABSOLUTE
    _printf_s                                0x00000000   Number         0  stubs.o ABSOLUTE
    _printf_sizespec                         0x00000000   Number         0  stubs.o ABSOLUTE
    _printf_str                              0x00000000   Number         0  stubs.o ABSOLUTE
    _printf_truncate_signed                  0x00000000   Number         0  stubs.o ABSOLUTE
    _printf_truncate_unsigned                0x00000000   Number         0  stubs.o ABSOLUTE
    _printf_u                                0x00000000   Number         0  stubs.o ABSOLUTE
    _printf_wc                               0x00000000   Number         0  stubs.o ABSOLUTE
    _printf_wctomb                           0x00000000   Number         0  stubs.o ABSOLUTE
    _printf_widthprec                        0x00000000   Number         0  stubs.o ABSOLUTE
    _printf_x                                0x00000000   Number         0  stubs.o ABSOLUTE
    __cpp_initialize__aeabi_                  - Undefined Weak Reference
    __cxa_finalize                            - Undefined Weak Reference
    _clock_init                               - Undefined Weak Reference
    _microlib_exit                            - Undefined Weak Reference
    __Vectors_Size                           0x00000188   Number         0  startup_stm32f407xx.o ABSOLUTE
    __Vectors                                0x08000000   Data           4  startup_stm32f407xx.o(RESET)
    __Vectors_End                            0x08000188   Data           0  startup_stm32f407xx.o(RESET)
    __main                                   0x08000189   Thumb Code     0  entry.o(.ARM.Collect$$$$00000000)
    _main_stk                                0x08000189   Thumb Code     0  entry2.o(.ARM.Collect$$$$00000001)
    _main_scatterload                        0x0800018d   Thumb Code     0  entry5.o(.ARM.Collect$$$$00000004)
    __main_after_scatterload                 0x08000191   Thumb Code     0  entry5.o(.ARM.Collect$$$$00000004)
    _main_clock                              0x08000191   Thumb Code     0  entry7b.o(.ARM.Collect$$$$00000008)
    _main_cpp_init                           0x08000191   Thumb Code     0  entry8b.o(.ARM.Collect$$$$0000000A)
    _main_init                               0x08000191   Thumb Code     0  entry9a.o(.ARM.Collect$$$$0000000B)
    __rt_final_cpp                           0x08000199   Thumb Code     0  entry10a.o(.ARM.Collect$$$$0000000D)
    __rt_final_exit                          0x08000199   Thumb Code     0  entry11a.o(.ARM.Collect$$$$0000000F)
    Reset_Handler                            0x0800019d   Thumb Code     8  startup_stm32f407xx.o(.text)
    ADC_IRQHandler                           0x080001b7   Thumb Code     0  startup_stm32f407xx.o(.text)
    CAN1_RX0_IRQHandler                      0x080001b7   Thumb Code     0  startup_stm32f407xx.o(.text)
    CAN1_RX1_IRQHandler                      0x080001b7   Thumb Code     0  startup_stm32f407xx.o(.text)
    CAN1_SCE_IRQHandler                      0x080001b7   Thumb Code     0  startup_stm32f407xx.o(.text)
    CAN1_TX_IRQHandler                       0x080001b7   Thumb Code     0  startup_stm32f407xx.o(.text)
    CAN2_RX0_IRQHandler                      0x080001b7   Thumb Code     0  startup_stm32f407xx.o(.text)
    CAN2_RX1_IRQHandler                      0x080001b7   Thumb Code     0  startup_stm32f407xx.o(.text)
    CAN2_SCE_IRQHandler                      0x080001b7   Thumb Code     0  startup_stm32f407xx.o(.text)
    CAN2_TX_IRQHandler                       0x080001b7   Thumb Code     0  startup_stm32f407xx.o(.text)
    DCMI_IRQHandler                          0x080001b7   Thumb Code     0  startup_stm32f407xx.o(.text)
    DMA1_Stream0_IRQHandler                  0x080001b7   Thumb Code     0  startup_stm32f407xx.o(.text)
    DMA1_Stream1_IRQHandler                  0x080001b7   Thumb Code     0  startup_stm32f407xx.o(.text)
    DMA1_Stream2_IRQHandler                  0x080001b7   Thumb Code     0  startup_stm32f407xx.o(.text)
    DMA1_Stream3_IRQHandler                  0x080001b7   Thumb Code     0  startup_stm32f407xx.o(.text)
    DMA1_Stream4_IRQHandler                  0x080001b7   Thumb Code     0  startup_stm32f407xx.o(.text)
    DMA1_Stream5_IRQHandler                  0x080001b7   Thumb Code     0  startup_stm32f407xx.o(.text)
    DMA1_Stream6_IRQHandler                  0x080001b7   Thumb Code     0  startup_stm32f407xx.o(.text)
    DMA1_Stream7_IRQHandler                  0x080001b7   Thumb Code     0  startup_stm32f407xx.o(.text)
    DMA2_Stream0_IRQHandler                  0x080001b7   Thumb Code     0  startup_stm32f407xx.o(.text)
    DMA2_Stream1_IRQHandler                  0x080001b7   Thumb Code     0  startup_stm32f407xx.o(.text)
    DMA2_Stream2_IRQHandler                  0x080001b7   Thumb Code     0  startup_stm32f407xx.o(.text)
    DMA2_Stream3_IRQHandler                  0x080001b7   Thumb Code     0  startup_stm32f407xx.o(.text)
    DMA2_Stream4_IRQHandler                  0x080001b7   Thumb Code     0  startup_stm32f407xx.o(.text)
    DMA2_Stream5_IRQHandler                  0x080001b7   Thumb Code     0  startup_stm32f407xx.o(.text)
    DMA2_Stream6_IRQHandler                  0x080001b7   Thumb Code     0  startup_stm32f407xx.o(.text)
    DMA2_Stream7_IRQHandler                  0x080001b7   Thumb Code     0  startup_stm32f407xx.o(.text)
    ETH_IRQHandler                           0x080001b7   Thumb Code     0  startup_stm32f407xx.o(.text)
    ETH_WKUP_IRQHandler                      0x080001b7   Thumb Code     0  startup_stm32f407xx.o(.text)
    EXTI1_IRQHandler                         0x080001b7   Thumb Code     0  startup_stm32f407xx.o(.text)
    EXTI2_IRQHandler                         0x080001b7   Thumb Code     0  startup_stm32f407xx.o(.text)
    EXTI3_IRQHandler                         0x080001b7   Thumb Code     0  startup_stm32f407xx.o(.text)
    EXTI4_IRQHandler                         0x080001b7   Thumb Code     0  startup_stm32f407xx.o(.text)
    EXTI9_5_IRQHandler                       0x080001b7   Thumb Code     0  startup_stm32f407xx.o(.text)
    FLASH_IRQHandler                         0x080001b7   Thumb Code     0  startup_stm32f407xx.o(.text)
    FMC_IRQHandler                           0x080001b7   Thumb Code     0  startup_stm32f407xx.o(.text)
    FPU_IRQHandler                           0x080001b7   Thumb Code     0  startup_stm32f407xx.o(.text)
    HASH_RNG_IRQHandler                      0x080001b7   Thumb Code     0  startup_stm32f407xx.o(.text)
    I2C1_ER_IRQHandler                       0x080001b7   Thumb Code     0  startup_stm32f407xx.o(.text)
    I2C1_EV_IRQHandler                       0x080001b7   Thumb Code     0  startup_stm32f407xx.o(.text)
    I2C2_ER_IRQHandler                       0x080001b7   Thumb Code     0  startup_stm32f407xx.o(.text)
    I2C2_EV_IRQHandler                       0x080001b7   Thumb Code     0  startup_stm32f407xx.o(.text)
    I2C3_ER_IRQHandler                       0x080001b7   Thumb Code     0  startup_stm32f407xx.o(.text)
    I2C3_EV_IRQHandler                       0x080001b7   Thumb Code     0  startup_stm32f407xx.o(.text)
    OTG_FS_IRQHandler                        0x080001b7   Thumb Code     0  startup_stm32f407xx.o(.text)
    OTG_FS_WKUP_IRQHandler                   0x080001b7   Thumb Code     0  startup_stm32f407xx.o(.text)
    OTG_HS_EP1_IN_IRQHandler                 0x080001b7   Thumb Code     0  startup_stm32f407xx.o(.text)
    OTG_HS_EP1_OUT_IRQHandler                0x080001b7   Thumb Code     0  startup_stm32f407xx.o(.text)
    OTG_HS_IRQHandler                        0x080001b7   Thumb Code     0  startup_stm32f407xx.o(.text)
    OTG_HS_WKUP_IRQHandler                   0x080001b7   Thumb Code     0  startup_stm32f407xx.o(.text)
    PVD_IRQHandler                           0x080001b7   Thumb Code     0  startup_stm32f407xx.o(.text)
    RCC_IRQHandler                           0x080001b7   Thumb Code     0  startup_stm32f407xx.o(.text)
    RTC_Alarm_IRQHandler                     0x080001b7   Thumb Code     0  startup_stm32f407xx.o(.text)
    RTC_WKUP_IRQHandler                      0x080001b7   Thumb Code     0  startup_stm32f407xx.o(.text)
    SDIO_IRQHandler                          0x080001b7   Thumb Code     0  startup_stm32f407xx.o(.text)
    SPI1_IRQHandler                          0x080001b7   Thumb Code     0  startup_stm32f407xx.o(.text)
    SPI2_IRQHandler                          0x080001b7   Thumb Code     0  startup_stm32f407xx.o(.text)
    SPI3_IRQHandler                          0x080001b7   Thumb Code     0  startup_stm32f407xx.o(.text)
    TAMP_STAMP_IRQHandler                    0x080001b7   Thumb Code     0  startup_stm32f407xx.o(.text)
    TIM1_BRK_TIM9_IRQHandler                 0x080001b7   Thumb Code     0  startup_stm32f407xx.o(.text)
    TIM1_CC_IRQHandler                       0x080001b7   Thumb Code     0  startup_stm32f407xx.o(.text)
    TIM1_TRG_COM_TIM11_IRQHandler            0x080001b7   Thumb Code     0  startup_stm32f407xx.o(.text)
    TIM1_UP_TIM10_IRQHandler                 0x080001b7   Thumb Code     0  startup_stm32f407xx.o(.text)
    TIM3_IRQHandler                          0x080001b7   Thumb Code     0  startup_stm32f407xx.o(.text)
    TIM4_IRQHandler                          0x080001b7   Thumb Code     0  startup_stm32f407xx.o(.text)
    TIM5_IRQHandler                          0x080001b7   Thumb Code     0  startup_stm32f407xx.o(.text)
    TIM6_DAC_IRQHandler                      0x080001b7   Thumb Code     0  startup_stm32f407xx.o(.text)
    TIM7_IRQHandler                          0x080001b7   Thumb Code     0  startup_stm32f407xx.o(.text)
    TIM8_BRK_TIM12_IRQHandler                0x080001b7   Thumb Code     0  startup_stm32f407xx.o(.text)
    TIM8_CC_IRQHandler                       0x080001b7   Thumb Code     0  startup_stm32f407xx.o(.text)
    TIM8_TRG_COM_TIM14_IRQHandler            0x080001b7   Thumb Code     0  startup_stm32f407xx.o(.text)
    TIM8_UP_TIM13_IRQHandler                 0x080001b7   Thumb Code     0  startup_stm32f407xx.o(.text)
    UART4_IRQHandler                         0x080001b7   Thumb Code     0  startup_stm32f407xx.o(.text)
    UART5_IRQHandler                         0x080001b7   Thumb Code     0  startup_stm32f407xx.o(.text)
    USART1_IRQHandler                        0x080001b7   Thumb Code     0  startup_stm32f407xx.o(.text)
    USART2_IRQHandler                        0x080001b7   Thumb Code     0  startup_stm32f407xx.o(.text)
    USART6_IRQHandler                        0x080001b7   Thumb Code     0  startup_stm32f407xx.o(.text)
    WWDG_IRQHandler                          0x080001b7   Thumb Code     0  startup_stm32f407xx.o(.text)
    __aeabi_uldivmod                         0x080001c1   Thumb Code    98  uldiv.o(.text)
    __aeabi_memset                           0x08000223   Thumb Code    14  memseta.o(.text)
    __aeabi_memset4                          0x08000223   Thumb Code     0  memseta.o(.text)
    __aeabi_memset8                          0x08000223   Thumb Code     0  memseta.o(.text)
    __aeabi_memclr                           0x08000231   Thumb Code     4  memseta.o(.text)
    __aeabi_memclr4                          0x08000231   Thumb Code     0  memseta.o(.text)
    __aeabi_memclr8                          0x08000231   Thumb Code     0  memseta.o(.text)
    _memset$wrapper                          0x08000235   Thumb Code    18  memseta.o(.text)
    strlen                                   0x08000247   Thumb Code    14  strlen.o(.text)
    __aeabi_dadd                             0x08000255   Thumb Code   322  dadd.o(.text)
    __aeabi_dsub                             0x08000397   Thumb Code     6  dadd.o(.text)
    __aeabi_drsub                            0x0800039d   Thumb Code     6  dadd.o(.text)
    __aeabi_dmul                             0x080003a3   Thumb Code   228  dmul.o(.text)
    __aeabi_d2iz                             0x08000487   Thumb Code    62  dfixi.o(.text)
    __aeabi_f2d                              0x080004c5   Thumb Code    38  f2d.o(.text)
    __aeabi_d2f                              0x080004eb   Thumb Code    56  d2f.o(.text)
    __aeabi_uidiv                            0x08000523   Thumb Code     0  uidiv.o(.text)
    __aeabi_uidivmod                         0x08000523   Thumb Code    44  uidiv.o(.text)
    __aeabi_llsl                             0x0800054f   Thumb Code    30  llshl.o(.text)
    _ll_shift_l                              0x0800054f   Thumb Code     0  llshl.o(.text)
    __aeabi_llsr                             0x0800056d   Thumb Code    32  llushr.o(.text)
    _ll_ushift_r                             0x0800056d   Thumb Code     0  llushr.o(.text)
    __aeabi_lasr                             0x0800058d   Thumb Code    36  llsshr.o(.text)
    _ll_sshift_r                             0x0800058d   Thumb Code     0  llsshr.o(.text)
    __strtod_int                             0x080005e7   Thumb Code    90  strtod.o(.text)
    __I$use$fp                               0x0800064d   Thumb Code     0  iusefp.o(.text)
    _float_round                             0x0800064d   Thumb Code    18  fepilogue.o(.text)
    _float_epilogue                          0x0800065f   Thumb Code    92  fepilogue.o(.text)
    _double_round                            0x080006bb   Thumb Code    30  depilogue.o(.text)
    _double_epilogue                         0x080006d9   Thumb Code   156  depilogue.o(.text)
    __aeabi_ddiv                             0x08000775   Thumb Code   222  ddiv.o(.text)
    __aeabi_d2ulz                            0x08000853   Thumb Code    48  dfixul.o(.text)
    __aeabi_cdrcmple                         0x08000885   Thumb Code    48  cdrcmple.o(.text)
    __scatterload                            0x080008b5   Thumb Code    28  init.o(.text)
    __scatterload_rt2                        0x080008b5   Thumb Code     0  init.o(.text)
    isspace                                  0x080008d9   Thumb Code    10  isspace_c.o(.text)
    _scanf_real                              0x08000a0d   Thumb Code     0  scanf_fp.o(.text)
    _scanf_really_real                       0x08000a0d   Thumb Code   556  scanf_fp.o(.text)
    _sgetc                                   0x08000c45   Thumb Code    30  _sgetc.o(.text)
    _sbackspace                              0x08000c63   Thumb Code    34  _sgetc.o(.text)
    __aeabi_i2d                              0x08000c85   Thumb Code    34  dflti.o(.text)
    __aeabi_ui2d                             0x08000ca7   Thumb Code    26  dfltui.o(.text)
    __ctype_lookup                           0x08000cc1   Thumb Code    34  ctype_c.o(.text)
    __aeabi_ul2d                             0x08000ce9   Thumb Code    24  dfltul.o(.text)
    __decompress                             0x08000d01   Thumb Code     0  __dczerorl.o(.text)
    __decompress0                            0x08000d01   Thumb Code    58  __dczerorl.o(.text)
    BusFault_Handler                         0x08000d3b   Thumb Code     2  stm32f4xx_it.o(i.BusFault_Handler)
    DebugMon_Handler                         0x08000d3d   Thumb Code     2  stm32f4xx_it.o(i.DebugMon_Handler)
    EXTI0_IRQHandler                         0x08000d3f   Thumb Code     6  stm32f4xx_it.o(i.EXTI0_IRQHandler)
    EXTI15_10_IRQHandler                     0x08000d45   Thumb Code    30  stm32f4xx_it.o(i.EXTI15_10_IRQHandler)
    HAL_DMA_Abort                            0x08000d63   Thumb Code   146  stm32f4xx_hal_dma.o(i.HAL_DMA_Abort)
    HAL_DMA_Abort_IT                         0x08000df5   Thumb Code    36  stm32f4xx_hal_dma.o(i.HAL_DMA_Abort_IT)
    HAL_Delay                                0x08000e19   Thumb Code    32  stm32f4xx_hal.o(i.HAL_Delay)
    HAL_GPIO_EXTI_Callback                   0x08000e3d   Thumb Code   128  main.o(i.HAL_GPIO_EXTI_Callback)
    HAL_GPIO_EXTI_IRQHandler                 0x08000ecd   Thumb Code    18  stm32f4xx_hal_gpio.o(i.HAL_GPIO_EXTI_IRQHandler)
    HAL_GPIO_Init                            0x08000ee5   Thumb Code   450  stm32f4xx_hal_gpio.o(i.HAL_GPIO_Init)
    HAL_GPIO_ReadPin                         0x080010d5   Thumb Code    10  stm32f4xx_hal_gpio.o(i.HAL_GPIO_ReadPin)
    HAL_GPIO_WritePin                        0x080010df   Thumb Code    10  stm32f4xx_hal_gpio.o(i.HAL_GPIO_WritePin)
    HAL_GetTick                              0x080010e9   Thumb Code     6  stm32f4xx_hal.o(i.HAL_GetTick)
    HAL_IncTick                              0x080010f5   Thumb Code    12  stm32f4xx_hal.o(i.HAL_IncTick)
    HAL_Init                                 0x08001105   Thumb Code    48  stm32f4xx_hal.o(i.HAL_Init)
    HAL_InitTick                             0x08001139   Thumb Code    54  stm32f4xx_hal.o(i.HAL_InitTick)
    HAL_MspInit                              0x08001179   Thumb Code    42  stm32f4xx_hal_msp.o(i.HAL_MspInit)
    HAL_NVIC_EnableIRQ                       0x080011a9   Thumb Code    26  stm32f4xx_hal_cortex.o(i.HAL_NVIC_EnableIRQ)
    HAL_NVIC_SetPriority                     0x080011c5   Thumb Code    60  stm32f4xx_hal_cortex.o(i.HAL_NVIC_SetPriority)
    HAL_NVIC_SetPriorityGrouping             0x08001205   Thumb Code    26  stm32f4xx_hal_cortex.o(i.HAL_NVIC_SetPriorityGrouping)
    HAL_RCC_ClockConfig                      0x08001229   Thumb Code   288  stm32f4xx_hal_rcc.o(i.HAL_RCC_ClockConfig)
    HAL_RCC_GetPCLK1Freq                     0x0800135d   Thumb Code    20  stm32f4xx_hal_rcc.o(i.HAL_RCC_GetPCLK1Freq)
    HAL_RCC_GetPCLK2Freq                     0x0800137d   Thumb Code    20  stm32f4xx_hal_rcc.o(i.HAL_RCC_GetPCLK2Freq)
    HAL_RCC_GetSysClockFreq                  0x0800139d   Thumb Code    88  stm32f4xx_hal_rcc.o(i.HAL_RCC_GetSysClockFreq)
    HAL_RCC_OscConfig                        0x08001401   Thumb Code   856  stm32f4xx_hal_rcc.o(i.HAL_RCC_OscConfig)
    HAL_SYSTICK_Config                       0x0800176d   Thumb Code    40  stm32f4xx_hal_cortex.o(i.HAL_SYSTICK_Config)
    HAL_TIMEx_BreakCallback                  0x08001795   Thumb Code     2  stm32f4xx_hal_tim_ex.o(i.HAL_TIMEx_BreakCallback)
    HAL_TIMEx_CommutCallback                 0x08001797   Thumb Code     2  stm32f4xx_hal_tim_ex.o(i.HAL_TIMEx_CommutCallback)
    HAL_TIMEx_MasterConfigSynchronization    0x08001799   Thumb Code   116  stm32f4xx_hal_tim_ex.o(i.HAL_TIMEx_MasterConfigSynchronization)
    HAL_TIM_Base_Init                        0x08001829   Thumb Code    90  stm32f4xx_hal_tim.o(i.HAL_TIM_Base_Init)
    HAL_TIM_Base_MspInit                     0x08001885   Thumb Code   142  stm32f4xx_hal_msp.o(i.HAL_TIM_Base_MspInit)
    HAL_TIM_Base_Start_IT                    0x08001929   Thumb Code   100  stm32f4xx_hal_tim.o(i.HAL_TIM_Base_Start_IT)
    HAL_TIM_ConfigClockSource                0x080019a9   Thumb Code   220  stm32f4xx_hal_tim.o(i.HAL_TIM_ConfigClockSource)
    HAL_TIM_IC_CaptureCallback               0x08001a85   Thumb Code     2  stm32f4xx_hal_tim.o(i.HAL_TIM_IC_CaptureCallback)
    HAL_TIM_IRQHandler                       0x08001a87   Thumb Code   358  stm32f4xx_hal_tim.o(i.HAL_TIM_IRQHandler)
    HAL_TIM_MspPostInit                      0x08001bed   Thumb Code   186  stm32f4xx_hal_msp.o(i.HAL_TIM_MspPostInit)
    HAL_TIM_OC_DelayElapsedCallback          0x08001cc9   Thumb Code     2  stm32f4xx_hal_tim.o(i.HAL_TIM_OC_DelayElapsedCallback)
    HAL_TIM_PWM_ConfigChannel                0x08001ccb   Thumb Code   204  stm32f4xx_hal_tim.o(i.HAL_TIM_PWM_ConfigChannel)
    HAL_TIM_PWM_Init                         0x08001d97   Thumb Code    90  stm32f4xx_hal_tim.o(i.HAL_TIM_PWM_Init)
    HAL_TIM_PWM_MspInit                      0x08001df1   Thumb Code     2  stm32f4xx_hal_tim.o(i.HAL_TIM_PWM_MspInit)
    HAL_TIM_PWM_PulseFinishedCallback        0x08001df3   Thumb Code     2  stm32f4xx_hal_tim.o(i.HAL_TIM_PWM_PulseFinishedCallback)
    HAL_TIM_PWM_Start                        0x08001df5   Thumb Code   172  stm32f4xx_hal_tim.o(i.HAL_TIM_PWM_Start)
    HAL_TIM_PeriodElapsedCallback            0x08001ebd   Thumb Code   210  main.o(i.HAL_TIM_PeriodElapsedCallback)
    HAL_TIM_TriggerCallback                  0x08001f9d   Thumb Code     2  stm32f4xx_hal_tim.o(i.HAL_TIM_TriggerCallback)
    HAL_UARTEx_RxEventCallback               0x08001f9f   Thumb Code     2  stm32f4xx_hal_uart.o(i.HAL_UARTEx_RxEventCallback)
    HAL_UART_ErrorCallback                   0x08001fa1   Thumb Code     2  stm32f4xx_hal_uart.o(i.HAL_UART_ErrorCallback)
    HAL_UART_IRQHandler                      0x08001fa5   Thumb Code   610  stm32f4xx_hal_uart.o(i.HAL_UART_IRQHandler)
    HAL_UART_Init                            0x0800220d   Thumb Code    98  stm32f4xx_hal_uart.o(i.HAL_UART_Init)
    HAL_UART_MspInit                         0x08002271   Thumb Code   110  stm32f4xx_hal_msp.o(i.HAL_UART_MspInit)
    HAL_UART_Receive_IT                      0x080022ed   Thumb Code    42  stm32f4xx_hal_uart.o(i.HAL_UART_Receive_IT)
    HAL_UART_RxCpltCallback                  0x08002319   Thumb Code   242  main.o(i.HAL_UART_RxCpltCallback)
    HAL_UART_Transmit                        0x08002415   Thumb Code   178  stm32f4xx_hal_uart.o(i.HAL_UART_Transmit)
    HAL_UART_TxCpltCallback                  0x080024c7   Thumb Code     2  stm32f4xx_hal_uart.o(i.HAL_UART_TxCpltCallback)
    HardFault_Handler                        0x080024c9   Thumb Code     2  stm32f4xx_it.o(i.HardFault_Handler)
    Init_Motor1                              0x080024cd   Thumb Code    76  main.o(i.Init_Motor1)
    Init_Motor2                              0x08002525   Thumb Code    76  main.o(i.Init_Motor2)
    Init_Motor3                              0x08002579   Thumb Code    74  main.o(i.Init_Motor3)
    Init_Motor4                              0x080025cd   Thumb Code    76  main.o(i.Init_Motor4)
    MemManage_Handler                        0x08002a51   Thumb Code     2  stm32f4xx_it.o(i.MemManage_Handler)
    NMI_Handler                              0x08002a53   Thumb Code     2  stm32f4xx_it.o(i.NMI_Handler)
    PID_controller_wheel1                    0x08002a55   Thumb Code   288  main.o(i.PID_controller_wheel1)
    PID_controller_wheel2                    0x08002b9d   Thumb Code   288  main.o(i.PID_controller_wheel2)
    PID_controller_wheel3                    0x08002ce5   Thumb Code   288  main.o(i.PID_controller_wheel3)
    PID_controller_wheel4                    0x08002e2d   Thumb Code   288  main.o(i.PID_controller_wheel4)
    PendSV_Handler                           0x08002f75   Thumb Code     2  stm32f4xx_it.o(i.PendSV_Handler)
    SVC_Handler                              0x08002f77   Thumb Code     2  stm32f4xx_it.o(i.SVC_Handler)
    SysTick_Handler                          0x08002f79   Thumb Code     4  stm32f4xx_it.o(i.SysTick_Handler)
    SystemClock_Config                       0x08002f7d   Thumb Code   102  main.o(i.SystemClock_Config)
    SystemInit                               0x08002fed   Thumb Code    22  system_stm32f4xx.o(i.SystemInit)
    TIM2_IRQHandler                          0x08003009   Thumb Code     6  stm32f4xx_it.o(i.TIM2_IRQHandler)
    TIM_Base_SetConfig                       0x08003015   Thumb Code   156  stm32f4xx_hal_tim.o(i.TIM_Base_SetConfig)
    TIM_CCxChannelCmd                        0x080030dd   Thumb Code    26  stm32f4xx_hal_tim.o(i.TIM_CCxChannelCmd)
    TIM_ETR_SetConfig                        0x080030f7   Thumb Code    20  stm32f4xx_hal_tim.o(i.TIM_ETR_SetConfig)
    TIM_OC2_SetConfig                        0x0800317d   Thumb Code    98  stm32f4xx_hal_tim.o(i.TIM_OC2_SetConfig)
    UART_Start_Receive_IT                    0x08003511   Thumb Code    54  stm32f4xx_hal_uart.o(i.UART_Start_Receive_IT)
    USART3_IRQHandler                        0x080035c1   Thumb Code     6  stm32f4xx_it.o(i.USART3_IRQHandler)
    UsageFault_Handler                       0x080035cd   Thumb Code     2  stm32f4xx_it.o(i.UsageFault_Handler)
    __0sprintf                               0x080035d1   Thumb Code    34  printfa.o(i.__0sprintf)
    __1sprintf                               0x080035d1   Thumb Code     0  printfa.o(i.__0sprintf)
    __2sprintf                               0x080035d1   Thumb Code     0  printfa.o(i.__0sprintf)
    __c89sprintf                             0x080035d1   Thumb Code     0  printfa.o(i.__0sprintf)
    sprintf                                  0x080035d1   Thumb Code     0  printfa.o(i.__0sprintf)
    __ARM_fpclassify                         0x080035f9   Thumb Code    48  fpclassify.o(i.__ARM_fpclassify)
    __hardfp_atof                            0x08003649   Thumb Code    44  atof.o(i.__hardfp_atof)
    __hardfp_cos                             0x08003681   Thumb Code   180  cos.o(i.__hardfp_cos)
    __hardfp_sin                             0x08003749   Thumb Code   180  sin.o(i.__hardfp_sin)
    __ieee754_rem_pio2                       0x08003811   Thumb Code   938  rred.o(i.__ieee754_rem_pio2)
    __kernel_cos                             0x08003c49   Thumb Code   322  cos_i.o(i.__kernel_cos)
    __kernel_poly                            0x08003db9   Thumb Code   248  poly.o(i.__kernel_poly)
    __kernel_sin                             0x08003eb1   Thumb Code   280  sin_i.o(i.__kernel_sin)
    __mathlib_dbl_infnan                     0x08003fe1   Thumb Code    20  dunder.o(i.__mathlib_dbl_infnan)
    __mathlib_dbl_invalid                    0x08003ff9   Thumb Code    24  dunder.o(i.__mathlib_dbl_invalid)
    __mathlib_dbl_underflow                  0x08004019   Thumb Code    24  dunder.o(i.__mathlib_dbl_underflow)
    __read_errno                             0x08004039   Thumb Code     6  errno.o(i.__read_errno)
    __scatterload_copy                       0x08004045   Thumb Code    14  handlers.o(i.__scatterload_copy)
    __scatterload_null                       0x08004053   Thumb Code     2  handlers.o(i.__scatterload_null)
    __scatterload_zeroinit                   0x08004055   Thumb Code    14  handlers.o(i.__scatterload_zeroinit)
    __set_errno                              0x08004065   Thumb Code     6  errno.o(i.__set_errno)
    _is_digit                                0x080041f5   Thumb Code    14  scanf_fp.o(i._is_digit)
    cal_vel_ref                              0x0800493d   Thumb Code   460  main.o(i.cal_vel_ref)
    check_w_ref                              0x08004b21   Thumb Code   408  main.o(i.check_w_ref)
    fabs                                     0x08004d71   Thumb Code    24  fabs.o(i.fabs)
    main                                     0x08004d89   Thumb Code   154  main.o(i.main)
    position_cal                             0x08004e35   Thumb Code   680  main.o(i.position_cal)
    position_feedback                        0x08005109   Thumb Code    92  main.o(i.position_feedback)
    signal_feedback_PID_parameter            0x08005181   Thumb Code   158  main.o(i.signal_feedback_PID_parameter)
    signal_feedback_error                    0x08005241   Thumb Code   202  main.o(i.signal_feedback_error)
    signal_feedback_w_wheel                  0x08005365   Thumb Code   202  main.o(i.signal_feedback_w_wheel)
    AHBPrescTable                            0x08005488   Data          16  system_stm32f4xx.o(.constdata)
    APBPrescTable                            0x08005498   Data           8  system_stm32f4xx.o(.constdata)
    __ctype_categories                       0x080055c0   Data          64  ctype_c.o(.constdata)
    Region$$Table$$Base                      0x08005600   Number         0  anon$$obj.o(Region$$Table)
    Region$$Table$$Limit                     0x08005620   Number         0  anon$$obj.o(Region$$Table)
    rx_data                                  0x20000000   Data           1  main.o(.data)
    rx_index                                 0x20000004   Data           4  main.o(.data)
    check_var                                0x20000008   Data           4  main.o(.data)
    pulse_counter1                           0x2000000c   Data           4  main.o(.data)
    pulse_counter2                           0x20000010   Data           4  main.o(.data)
    pulse_counter3                           0x20000014   Data           4  main.o(.data)
    pulse_counter4                           0x20000018   Data           4  main.o(.data)
    M_PI                                     0x2000001c   Data           4  main.o(.data)
    vx                                       0x20000020   Data           4  main.o(.data)
    vy                                       0x20000024   Data           4  main.o(.data)
    w_angle                                  0x20000028   Data           4  main.o(.data)
    w_reference1_temp                        0x2000002c   Data           4  main.o(.data)
    w_reference2_temp                        0x20000030   Data           4  main.o(.data)
    w_reference3_temp                        0x20000034   Data           4  main.o(.data)
    w_reference4_temp                        0x20000038   Data           4  main.o(.data)
    w_reference1                             0x2000003c   Data           4  main.o(.data)
    w_reference2                             0x20000040   Data           4  main.o(.data)
    w_reference3                             0x20000044   Data           4  main.o(.data)
    w_reference4                             0x20000048   Data           4  main.o(.data)
    w1                                       0x2000004c   Data           4  main.o(.data)
    w2                                       0x20000050   Data           4  main.o(.data)
    w3                                       0x20000054   Data           4  main.o(.data)
    w4                                       0x20000058   Data           4  main.o(.data)
    e1                                       0x2000005c   Data           4  main.o(.data)
    e2                                       0x20000060   Data           4  main.o(.data)
    e3                                       0x20000064   Data           4  main.o(.data)
    e4                                       0x20000068   Data           4  main.o(.data)
    pre_e1                                   0x2000006c   Data           4  main.o(.data)
    pre_e2                                   0x20000070   Data           4  main.o(.data)
    pre_e3                                   0x20000074   Data           4  main.o(.data)
    pre_e4                                   0x20000078   Data           4  main.o(.data)
    kP                                       0x2000007c   Data           4  main.o(.data)
    kI                                       0x20000080   Data           4  main.o(.data)
    kD                                       0x20000084   Data           4  main.o(.data)
    pPart1                                   0x20000088   Data           4  main.o(.data)
    pPart2                                   0x2000008c   Data           4  main.o(.data)
    pPart3                                   0x20000090   Data           4  main.o(.data)
    pPart4                                   0x20000094   Data           4  main.o(.data)
    iPart1                                   0x20000098   Data           4  main.o(.data)
    iPart2                                   0x2000009c   Data           4  main.o(.data)
    iPart3                                   0x200000a0   Data           4  main.o(.data)
    iPart4                                   0x200000a4   Data           4  main.o(.data)
    dPart1                                   0x200000a8   Data           4  main.o(.data)
    dPart2                                   0x200000ac   Data           4  main.o(.data)
    dPart3                                   0x200000b0   Data           4  main.o(.data)
    dPart4                                   0x200000b4   Data           4  main.o(.data)
    PID_signal1                              0x200000b8   Data           4  main.o(.data)
    PID_signal2                              0x200000bc   Data           4  main.o(.data)
    PID_signal3                              0x200000c0   Data           4  main.o(.data)
    PID_signal4                              0x200000c4   Data           4  main.o(.data)
    signal_pos1                              0x200000c8   Data           4  main.o(.data)
    signal_neg1                              0x200000cc   Data           4  main.o(.data)
    signal_pos2                              0x200000d0   Data           4  main.o(.data)
    signal_neg2                              0x200000d4   Data           4  main.o(.data)
    signal_pos3                              0x200000d8   Data           4  main.o(.data)
    signal_neg3                              0x200000dc   Data           4  main.o(.data)
    signal_pos4                              0x200000e0   Data           4  main.o(.data)
    signal_neg4                              0x200000e4   Data           4  main.o(.data)
    w1_rad                                   0x200000e8   Data           4  main.o(.data)
    w2_rad                                   0x200000ec   Data           4  main.o(.data)
    w3_rad                                   0x200000f0   Data           4  main.o(.data)
    w4_rad                                   0x200000f4   Data           4  main.o(.data)
    v_wheel1                                 0x200000f8   Data           4  main.o(.data)
    v_wheel2                                 0x200000fc   Data           4  main.o(.data)
    v_wheel3                                 0x20000100   Data           4  main.o(.data)
    v_wheel4                                 0x20000104   Data           4  main.o(.data)
    Vxx                                      0x20000108   Data           4  main.o(.data)
    Vyy                                      0x2000010c   Data           4  main.o(.data)
    Omega                                    0x20000110   Data           4  main.o(.data)
    delta_x                                  0x20000114   Data           4  main.o(.data)
    delta_y                                  0x20000118   Data           4  main.o(.data)
    delta_Theta                              0x2000011c   Data           4  main.o(.data)
    x_robot                                  0x20000120   Data           4  main.o(.data)
    y_robot                                  0x20000124   Data           4  main.o(.data)
    Theta                                    0x20000128   Data           4  main.o(.data)
    k                                        0x20000130   Data           8  main.o(.data)
    uwTickFreq                               0x20000138   Data           1  stm32f4xx_hal.o(.data)
    uwTickPrio                               0x2000013c   Data           4  stm32f4xx_hal.o(.data)
    uwTick                                   0x20000140   Data           4  stm32f4xx_hal.o(.data)
    SystemCoreClock                          0x20000144   Data           4  system_stm32f4xx.o(.data)
    htim2                                    0x2000014c   Data          72  main.o(.bss)
    htim3                                    0x20000194   Data          72  main.o(.bss)
    htim5                                    0x200001dc   Data          72  main.o(.bss)
    htim9                                    0x20000224   Data          72  main.o(.bss)
    htim12                                   0x2000026c   Data          72  main.o(.bss)
    huart3                                   0x200002b4   Data          68  main.o(.bss)
    rx_buffer                                0x200002f8   Data          25  main.o(.bss)
    temp                                     0x20000311   Data         100  main.o(.bss)
    __initial_sp                             0x20000778   Data           0  startup_stm32f407xx.o(STACK)



==============================================================================

Memory Map of the image

  Image Entry point : 0x08000189

  Load Region LR_IROM1 (Base: 0x08000000, Size: 0x0000576c, Max: 0x00100000, ABSOLUTE, COMPRESSED[0x00005640])

    Execution Region ER_IROM1 (Exec base: 0x08000000, Load base: 0x08000000, Size: 0x00005620, Max: 0x00100000, ABSOLUTE)

    Exec Addr    Load Addr    Size         Type   Attr      Idx    E Section Name        Object

    0x08000000   0x08000000   0x00000188   Data   RO            3    RESET               startup_stm32f407xx.o
    0x08000188   0x08000188   0x00000000   Code   RO         2987  * .ARM.Collect$$$$00000000  mc_w.l(entry.o)
    0x08000188   0x08000188   0x00000004   Code   RO         3297    .ARM.Collect$$$$00000001  mc_w.l(entry2.o)
    0x0800018c   0x0800018c   0x00000004   Code   RO         3300    .ARM.Collect$$$$00000004  mc_w.l(entry5.o)
    0x08000190   0x08000190   0x00000000   Code   RO         3302    .ARM.Collect$$$$00000008  mc_w.l(entry7b.o)
    0x08000190   0x08000190   0x00000000   Code   RO         3304    .ARM.Collect$$$$0000000A  mc_w.l(entry8b.o)
    0x08000190   0x08000190   0x00000008   Code   RO         3305    .ARM.Collect$$$$0000000B  mc_w.l(entry9a.o)
    0x08000198   0x08000198   0x00000000   Code   RO         3307    .ARM.Collect$$$$0000000D  mc_w.l(entry10a.o)
    0x08000198   0x08000198   0x00000000   Code   RO         3309    .ARM.Collect$$$$0000000F  mc_w.l(entry11a.o)
    0x08000198   0x08000198   0x00000004   Code   RO         3298    .ARM.Collect$$$$00002712  mc_w.l(entry2.o)
    0x0800019c   0x0800019c   0x00000024   Code   RO            4    .text               startup_stm32f407xx.o
    0x080001c0   0x080001c0   0x00000062   Code   RO         2990    .text               mc_w.l(uldiv.o)
    0x08000222   0x08000222   0x00000024   Code   RO         2992    .text               mc_w.l(memseta.o)
    0x08000246   0x08000246   0x0000000e   Code   RO         2994    .text               mc_w.l(strlen.o)
    0x08000254   0x08000254   0x0000014e   Code   RO         3257    .text               mf_w.l(dadd.o)
    0x080003a2   0x080003a2   0x000000e4   Code   RO         3259    .text               mf_w.l(dmul.o)
    0x08000486   0x08000486   0x0000003e   Code   RO         3263    .text               mf_w.l(dfixi.o)
    0x080004c4   0x080004c4   0x00000026   Code   RO         3265    .text               mf_w.l(f2d.o)
    0x080004ea   0x080004ea   0x00000038   Code   RO         3267    .text               mf_w.l(d2f.o)
    0x08000522   0x08000522   0x0000002c   Code   RO         3314    .text               mc_w.l(uidiv.o)
    0x0800054e   0x0800054e   0x0000001e   Code   RO         3316    .text               mc_w.l(llshl.o)
    0x0800056c   0x0800056c   0x00000020   Code   RO         3318    .text               mc_w.l(llushr.o)
    0x0800058c   0x0800058c   0x00000024   Code   RO         3320    .text               mc_w.l(llsshr.o)
    0x080005b0   0x080005b0   0x0000009c   Code   RO         3329    .text               mc_w.l(strtod.o)
    0x0800064c   0x0800064c   0x00000000   Code   RO         3331    .text               mc_w.l(iusefp.o)
    0x0800064c   0x0800064c   0x0000006e   Code   RO         3332    .text               mf_w.l(fepilogue.o)
    0x080006ba   0x080006ba   0x000000ba   Code   RO         3334    .text               mf_w.l(depilogue.o)
    0x08000774   0x08000774   0x000000de   Code   RO         3336    .text               mf_w.l(ddiv.o)
    0x08000852   0x08000852   0x00000030   Code   RO         3338    .text               mf_w.l(dfixul.o)
    0x08000882   0x08000882   0x00000002   PAD
    0x08000884   0x08000884   0x00000030   Code   RO         3340    .text               mf_w.l(cdrcmple.o)
    0x080008b4   0x080008b4   0x00000024   Code   RO         3352    .text               mc_w.l(init.o)
    0x080008d8   0x080008d8   0x0000000a   Code   RO         3355    .text               mc_w.l(isspace_c.o)
    0x080008e2   0x080008e2   0x00000002   PAD
    0x080008e4   0x080008e4   0x00000360   Code   RO         3357    .text               mc_w.l(scanf_fp.o)
    0x08000c44   0x08000c44   0x00000040   Code   RO         3361    .text               mc_w.l(_sgetc.o)
    0x08000c84   0x08000c84   0x00000022   Code   RO         3364    .text               mf_w.l(dflti.o)
    0x08000ca6   0x08000ca6   0x0000001a   Code   RO         3366    .text               mf_w.l(dfltui.o)
    0x08000cc0   0x08000cc0   0x00000028   Code   RO         3368    .text               mc_w.l(ctype_c.o)
    0x08000ce8   0x08000ce8   0x00000018   Code   RO         3371    .text               mf_w.l(dfltul.o)
    0x08000d00   0x08000d00   0x0000003a   Code   RO         3381    .text               mc_w.l(__dczerorl.o)
    0x08000d3a   0x08000d3a   0x00000002   Code   RO          306    i.BusFault_Handler  stm32f4xx_it.o
    0x08000d3c   0x08000d3c   0x00000002   Code   RO          307    i.DebugMon_Handler  stm32f4xx_it.o
    0x08000d3e   0x08000d3e   0x00000006   Code   RO          308    i.EXTI0_IRQHandler  stm32f4xx_it.o
    0x08000d44   0x08000d44   0x0000001e   Code   RO          309    i.EXTI15_10_IRQHandler  stm32f4xx_it.o
    0x08000d62   0x08000d62   0x00000092   Code   RO         1895    i.HAL_DMA_Abort     stm32f4xx_hal_dma.o
    0x08000df4   0x08000df4   0x00000024   Code   RO         1896    i.HAL_DMA_Abort_IT  stm32f4xx_hal_dma.o
    0x08000e18   0x08000e18   0x00000024   Code   RO         2314    i.HAL_Delay         stm32f4xx_hal.o
    0x08000e3c   0x08000e3c   0x00000090   Code   RO           14    i.HAL_GPIO_EXTI_Callback  main.o
    0x08000ecc   0x08000ecc   0x00000018   Code   RO         1787    i.HAL_GPIO_EXTI_IRQHandler  stm32f4xx_hal_gpio.o
    0x08000ee4   0x08000ee4   0x000001f0   Code   RO         1788    i.HAL_GPIO_Init     stm32f4xx_hal_gpio.o
    0x080010d4   0x080010d4   0x0000000a   Code   RO         1790    i.HAL_GPIO_ReadPin  stm32f4xx_hal_gpio.o
    0x080010de   0x080010de   0x0000000a   Code   RO         1792    i.HAL_GPIO_WritePin  stm32f4xx_hal_gpio.o
    0x080010e8   0x080010e8   0x0000000c   Code   RO         2320    i.HAL_GetTick       stm32f4xx_hal.o
    0x080010f4   0x080010f4   0x00000010   Code   RO         2326    i.HAL_IncTick       stm32f4xx_hal.o
    0x08001104   0x08001104   0x00000034   Code   RO         2327    i.HAL_Init          stm32f4xx_hal.o
    0x08001138   0x08001138   0x00000040   Code   RO         2328    i.HAL_InitTick      stm32f4xx_hal.o
    0x08001178   0x08001178   0x00000030   Code   RO          406    i.HAL_MspInit       stm32f4xx_hal_msp.o
    0x080011a8   0x080011a8   0x0000001a   Code   RO         2177    i.HAL_NVIC_EnableIRQ  stm32f4xx_hal_cortex.o
    0x080011c2   0x080011c2   0x00000002   PAD
    0x080011c4   0x080011c4   0x00000040   Code   RO         2183    i.HAL_NVIC_SetPriority  stm32f4xx_hal_cortex.o
    0x08001204   0x08001204   0x00000024   Code   RO         2184    i.HAL_NVIC_SetPriorityGrouping  stm32f4xx_hal_cortex.o
    0x08001228   0x08001228   0x00000134   Code   RO         1434    i.HAL_RCC_ClockConfig  stm32f4xx_hal_rcc.o
    0x0800135c   0x0800135c   0x00000020   Code   RO         1441    i.HAL_RCC_GetPCLK1Freq  stm32f4xx_hal_rcc.o
    0x0800137c   0x0800137c   0x00000020   Code   RO         1442    i.HAL_RCC_GetPCLK2Freq  stm32f4xx_hal_rcc.o
    0x0800139c   0x0800139c   0x00000064   Code   RO         1443    i.HAL_RCC_GetSysClockFreq  stm32f4xx_hal_rcc.o
    0x08001400   0x08001400   0x0000036c   Code   RO         1446    i.HAL_RCC_OscConfig  stm32f4xx_hal_rcc.o
    0x0800176c   0x0800176c   0x00000028   Code   RO         2188    i.HAL_SYSTICK_Config  stm32f4xx_hal_cortex.o
    0x08001794   0x08001794   0x00000002   Code   RO         1166    i.HAL_TIMEx_BreakCallback  stm32f4xx_hal_tim_ex.o
    0x08001796   0x08001796   0x00000002   Code   RO         1167    i.HAL_TIMEx_CommutCallback  stm32f4xx_hal_tim_ex.o
    0x08001798   0x08001798   0x00000090   Code   RO         1185    i.HAL_TIMEx_MasterConfigSynchronization  stm32f4xx_hal_tim_ex.o
    0x08001828   0x08001828   0x0000005a   Code   RO          462    i.HAL_TIM_Base_Init  stm32f4xx_hal_tim.o
    0x08001882   0x08001882   0x00000002   PAD
    0x08001884   0x08001884   0x000000a4   Code   RO          408    i.HAL_TIM_Base_MspInit  stm32f4xx_hal_msp.o
    0x08001928   0x08001928   0x00000080   Code   RO          467    i.HAL_TIM_Base_Start_IT  stm32f4xx_hal_tim.o
    0x080019a8   0x080019a8   0x000000dc   Code   RO          471    i.HAL_TIM_ConfigClockSource  stm32f4xx_hal_tim.o
    0x08001a84   0x08001a84   0x00000002   Code   RO          496    i.HAL_TIM_IC_CaptureCallback  stm32f4xx_hal_tim.o
    0x08001a86   0x08001a86   0x00000166   Code   RO          510    i.HAL_TIM_IRQHandler  stm32f4xx_hal_tim.o
    0x08001bec   0x08001bec   0x000000dc   Code   RO          409    i.HAL_TIM_MspPostInit  stm32f4xx_hal_msp.o
    0x08001cc8   0x08001cc8   0x00000002   Code   RO          513    i.HAL_TIM_OC_DelayElapsedCallback  stm32f4xx_hal_tim.o
    0x08001cca   0x08001cca   0x000000cc   Code   RO          534    i.HAL_TIM_PWM_ConfigChannel  stm32f4xx_hal_tim.o
    0x08001d96   0x08001d96   0x0000005a   Code   RO          537    i.HAL_TIM_PWM_Init  stm32f4xx_hal_tim.o
    0x08001df0   0x08001df0   0x00000002   Code   RO          539    i.HAL_TIM_PWM_MspInit  stm32f4xx_hal_tim.o
    0x08001df2   0x08001df2   0x00000002   Code   RO          540    i.HAL_TIM_PWM_PulseFinishedCallback  stm32f4xx_hal_tim.o
    0x08001df4   0x08001df4   0x000000c8   Code   RO          542    i.HAL_TIM_PWM_Start  stm32f4xx_hal_tim.o
    0x08001ebc   0x08001ebc   0x000000e0   Code   RO           15    i.HAL_TIM_PeriodElapsedCallback  main.o
    0x08001f9c   0x08001f9c   0x00000002   Code   RO          553    i.HAL_TIM_TriggerCallback  stm32f4xx_hal_tim.o
    0x08001f9e   0x08001f9e   0x00000002   Code   RO         2576    i.HAL_UARTEx_RxEventCallback  stm32f4xx_hal_uart.o
    0x08001fa0   0x08001fa0   0x00000002   Code   RO         2590    i.HAL_UART_ErrorCallback  stm32f4xx_hal_uart.o
    0x08001fa2   0x08001fa2   0x00000002   PAD
    0x08001fa4   0x08001fa4   0x00000268   Code   RO         2593    i.HAL_UART_IRQHandler  stm32f4xx_hal_uart.o
    0x0800220c   0x0800220c   0x00000062   Code   RO         2594    i.HAL_UART_Init     stm32f4xx_hal_uart.o
    0x0800226e   0x0800226e   0x00000002   PAD
    0x08002270   0x08002270   0x0000007c   Code   RO          411    i.HAL_UART_MspInit  stm32f4xx_hal_msp.o
    0x080022ec   0x080022ec   0x0000002a   Code   RO         2599    i.HAL_UART_Receive_IT  stm32f4xx_hal_uart.o
    0x08002316   0x08002316   0x00000002   PAD
    0x08002318   0x08002318   0x000000fc   Code   RO           16    i.HAL_UART_RxCpltCallback  main.o
    0x08002414   0x08002414   0x000000b2   Code   RO         2602    i.HAL_UART_Transmit  stm32f4xx_hal_uart.o
    0x080024c6   0x080024c6   0x00000002   Code   RO         2605    i.HAL_UART_TxCpltCallback  stm32f4xx_hal_uart.o
    0x080024c8   0x080024c8   0x00000002   Code   RO          310    i.HardFault_Handler  stm32f4xx_it.o
    0x080024ca   0x080024ca   0x00000002   PAD
    0x080024cc   0x080024cc   0x00000058   Code   RO           17    i.Init_Motor1       main.o
    0x08002524   0x08002524   0x00000054   Code   RO           18    i.Init_Motor2       main.o
    0x08002578   0x08002578   0x00000054   Code   RO           19    i.Init_Motor3       main.o
    0x080025cc   0x080025cc   0x00000058   Code   RO           20    i.Init_Motor4       main.o
    0x08002624   0x08002624   0x000001ec   Code   RO           21    i.MX_GPIO_Init      main.o
    0x08002810   0x08002810   0x00000074   Code   RO           22    i.MX_TIM12_Init     main.o
    0x08002884   0x08002884   0x00000050   Code   RO           23    i.MX_TIM2_Init      main.o
    0x080028d4   0x080028d4   0x00000084   Code   RO           24    i.MX_TIM3_Init      main.o
    0x08002958   0x08002958   0x00000084   Code   RO           25    i.MX_TIM5_Init      main.o
    0x080029dc   0x080029dc   0x00000074   Code   RO           26    i.MX_TIM9_Init      main.o
    0x08002a50   0x08002a50   0x00000002   Code   RO          311    i.MemManage_Handler  stm32f4xx_it.o
    0x08002a52   0x08002a52   0x00000002   Code   RO          312    i.NMI_Handler       stm32f4xx_it.o
    0x08002a54   0x08002a54   0x00000148   Code   RO           27    i.PID_controller_wheel1  main.o
    0x08002b9c   0x08002b9c   0x00000148   Code   RO           28    i.PID_controller_wheel2  main.o
    0x08002ce4   0x08002ce4   0x00000148   Code   RO           29    i.PID_controller_wheel3  main.o
    0x08002e2c   0x08002e2c   0x00000148   Code   RO           30    i.PID_controller_wheel4  main.o
    0x08002f74   0x08002f74   0x00000002   Code   RO          313    i.PendSV_Handler    stm32f4xx_it.o
    0x08002f76   0x08002f76   0x00000002   Code   RO          314    i.SVC_Handler       stm32f4xx_it.o
    0x08002f78   0x08002f78   0x00000004   Code   RO          315    i.SysTick_Handler   stm32f4xx_it.o
    0x08002f7c   0x08002f7c   0x00000070   Code   RO           31    i.SystemClock_Config  main.o
    0x08002fec   0x08002fec   0x0000001c   Code   RO         2923    i.SystemInit        system_stm32f4xx.o
    0x08003008   0x08003008   0x0000000c   Code   RO          316    i.TIM2_IRQHandler   stm32f4xx_it.o
    0x08003014   0x08003014   0x000000c8   Code   RO          555    i.TIM_Base_SetConfig  stm32f4xx_hal_tim.o
    0x080030dc   0x080030dc   0x0000001a   Code   RO          556    i.TIM_CCxChannelCmd  stm32f4xx_hal_tim.o
    0x080030f6   0x080030f6   0x00000014   Code   RO          566    i.TIM_ETR_SetConfig  stm32f4xx_hal_tim.o
    0x0800310a   0x0800310a   0x00000010   Code   RO          567    i.TIM_ITRx_SetConfig  stm32f4xx_hal_tim.o
    0x0800311a   0x0800311a   0x00000002   PAD
    0x0800311c   0x0800311c   0x00000060   Code   RO          568    i.TIM_OC1_SetConfig  stm32f4xx_hal_tim.o
    0x0800317c   0x0800317c   0x0000006c   Code   RO          569    i.TIM_OC2_SetConfig  stm32f4xx_hal_tim.o
    0x080031e8   0x080031e8   0x00000068   Code   RO          570    i.TIM_OC3_SetConfig  stm32f4xx_hal_tim.o
    0x08003250   0x08003250   0x00000050   Code   RO          571    i.TIM_OC4_SetConfig  stm32f4xx_hal_tim.o
    0x080032a0   0x080032a0   0x00000022   Code   RO          573    i.TIM_TI1_ConfigInputStage  stm32f4xx_hal_tim.o
    0x080032c2   0x080032c2   0x00000024   Code   RO          575    i.TIM_TI2_ConfigInputStage  stm32f4xx_hal_tim.o
    0x080032e6   0x080032e6   0x00000010   Code   RO         2607    i.UART_DMAAbortOnError  stm32f4xx_hal_uart.o
    0x080032f6   0x080032f6   0x0000004e   Code   RO         2617    i.UART_EndRxTransfer  stm32f4xx_hal_uart.o
    0x08003344   0x08003344   0x000000c0   Code   RO         2619    i.UART_Receive_IT   stm32f4xx_hal_uart.o
    0x08003404   0x08003404   0x0000010c   Code   RO         2620    i.UART_SetConfig    stm32f4xx_hal_uart.o
    0x08003510   0x08003510   0x00000036   Code   RO         2622    i.UART_Start_Receive_IT  stm32f4xx_hal_uart.o
    0x08003546   0x08003546   0x00000078   Code   RO         2623    i.UART_WaitOnFlagUntilTimeout  stm32f4xx_hal_uart.o
    0x080035be   0x080035be   0x00000002   PAD
    0x080035c0   0x080035c0   0x0000000c   Code   RO          317    i.USART3_IRQHandler  stm32f4xx_it.o
    0x080035cc   0x080035cc   0x00000002   Code   RO          318    i.UsageFault_Handler  stm32f4xx_it.o
    0x080035ce   0x080035ce   0x00000002   PAD
    0x080035d0   0x080035d0   0x00000028   Code   RO         3231    i.__0sprintf        mc_w.l(printfa.o)
    0x080035f8   0x080035f8   0x00000030   Code   RO         3348    i.__ARM_fpclassify  m_wm.l(fpclassify.o)
    0x08003628   0x08003628   0x00000020   Code   RO         2190    i.__NVIC_SetPriority  stm32f4xx_hal_cortex.o
    0x08003648   0x08003648   0x00000038   Code   RO         2957    i.__hardfp_atof     m_wm.l(atof.o)
    0x08003680   0x08003680   0x000000c8   Code   RO         2963    i.__hardfp_cos      m_wm.l(cos.o)
    0x08003748   0x08003748   0x000000c8   Code   RO         2975    i.__hardfp_sin      m_wm.l(sin.o)
    0x08003810   0x08003810   0x00000438   Code   RO         3286    i.__ieee754_rem_pio2  m_wm.l(rred.o)
    0x08003c48   0x08003c48   0x00000170   Code   RO         3269    i.__kernel_cos      m_wm.l(cos_i.o)
    0x08003db8   0x08003db8   0x000000f8   Code   RO         3350    i.__kernel_poly     m_wm.l(poly.o)
    0x08003eb0   0x08003eb0   0x00000130   Code   RO         3291    i.__kernel_sin      m_wm.l(sin_i.o)
    0x08003fe0   0x08003fe0   0x00000014   Code   RO         3273    i.__mathlib_dbl_infnan  m_wm.l(dunder.o)
    0x08003ff4   0x08003ff4   0x00000004   PAD
    0x08003ff8   0x08003ff8   0x00000020   Code   RO         3275    i.__mathlib_dbl_invalid  m_wm.l(dunder.o)
    0x08004018   0x08004018   0x00000020   Code   RO         3278    i.__mathlib_dbl_underflow  m_wm.l(dunder.o)
    0x08004038   0x08004038   0x0000000c   Code   RO         3323    i.__read_errno      mc_w.l(errno.o)
    0x08004044   0x08004044   0x0000000e   Code   RO         3375    i.__scatterload_copy  mc_w.l(handlers.o)
    0x08004052   0x08004052   0x00000002   Code   RO         3376    i.__scatterload_null  mc_w.l(handlers.o)
    0x08004054   0x08004054   0x0000000e   Code   RO         3377    i.__scatterload_zeroinit  mc_w.l(handlers.o)
    0x08004062   0x08004062   0x00000002   PAD
    0x08004064   0x08004064   0x0000000c   Code   RO         3324    i.__set_errno       mc_w.l(errno.o)
    0x08004070   0x08004070   0x00000184   Code   RO         3236    i._fp_digits        mc_w.l(printfa.o)
    0x080041f4   0x080041f4   0x0000000e   Code   RO         3359    i._is_digit         mc_w.l(scanf_fp.o)
    0x08004202   0x08004202   0x00000002   PAD
    0x08004204   0x08004204   0x000006dc   Code   RO         3237    i._printf_core      mc_w.l(printfa.o)
    0x080048e0   0x080048e0   0x00000024   Code   RO         3238    i._printf_post_padding  mc_w.l(printfa.o)
    0x08004904   0x08004904   0x0000002e   Code   RO         3239    i._printf_pre_padding  mc_w.l(printfa.o)
    0x08004932   0x08004932   0x0000000a   Code   RO         3241    i._sputc            mc_w.l(printfa.o)
    0x0800493c   0x0800493c   0x000001e4   Code   RO           32    i.cal_vel_ref       main.o
    0x08004b20   0x08004b20   0x00000250   Code   RO           33    i.check_w_ref       main.o
    0x08004d70   0x08004d70   0x00000018   Code   RO         3344    i.fabs              m_wm.l(fabs.o)
    0x08004d88   0x08004d88   0x000000ac   Code   RO           34    i.main              main.o
    0x08004e34   0x08004e34   0x000002d4   Code   RO           35    i.position_cal      main.o
    0x08005108   0x08005108   0x00000078   Code   RO           36    i.position_feedback  main.o
    0x08005180   0x08005180   0x000000c0   Code   RO           37    i.signal_feedback_PID_parameter  main.o
    0x08005240   0x08005240   0x00000124   Code   RO           38    i.signal_feedback_error  main.o
    0x08005364   0x08005364   0x00000124   Code   RO           39    i.signal_feedback_w_wheel  main.o
    0x08005488   0x08005488   0x00000010   Data   RO         2924    .constdata          system_stm32f4xx.o
    0x08005498   0x08005498   0x00000008   Data   RO         2925    .constdata          system_stm32f4xx.o
    0x080054a0   0x080054a0   0x00000030   Data   RO         3270    .constdata          m_wm.l(cos_i.o)
    0x080054d0   0x080054d0   0x000000c8   Data   RO         3288    .constdata          m_wm.l(rred.o)
    0x08005598   0x08005598   0x00000028   Data   RO         3292    .constdata          m_wm.l(sin_i.o)
    0x080055c0   0x080055c0   0x00000040   Data   RO         3369    .constdata          mc_w.l(ctype_c.o)
    0x08005600   0x08005600   0x00000020   Data   RO         3373    Region$$Table       anon$$obj.o


    Execution Region RW_IRAM2 (Exec base: 0x10000000, Load base: 0x08005640, Size: 0x00000000, Max: 0x00010000, ABSOLUTE)

    **** No section assigned to this execution region ****


    Execution Region RW_IRAM1 (Exec base: 0x20000000, Load base: 0x08005620, Size: 0x00000778, Max: 0x00020000, ABSOLUTE, COMPRESSED[0x00000020])

    Exec Addr    Load Addr    Size         Type   Attr      Idx    E Section Name        Object

    0x20000000   COMPRESSED   0x00000138   Data   RW           45    .data               main.o
    0x20000138   COMPRESSED   0x0000000c   Data   RW         2334    .data               stm32f4xx_hal.o
    0x20000144   COMPRESSED   0x00000004   Data   RW         2926    .data               system_stm32f4xx.o
    0x20000148   COMPRESSED   0x00000004   Data   RW         3325    .data               mc_w.l(errno.o)
    0x2000014c        -       0x00000229   Zero   RW           40    .bss                main.o
    0x20000375   COMPRESSED   0x00000003   PAD
    0x20000378        -       0x00000400   Zero   RW            1    STACK               startup_stm32f407xx.o


==============================================================================

Image component sizes


      Code (inc. data)   RO Data    RW Data    ZI Data      Debug   Object Name

      6324        824          0        312        553     709911   main.o
        36          8        392          0       1024        840   startup_stm32f407xx.o
       180         28          0         12          0       9453   stm32f4xx_hal.o
       198         14          0          0          0      33975   stm32f4xx_hal_cortex.o
       182          0          0          0          0       2111   stm32f4xx_hal_dma.o
       540         52          0          0          0       3498   stm32f4xx_hal_gpio.o
       556         76          0          0          0       3342   stm32f4xx_hal_msp.o
      1348         76          0          0          0       5264   stm32f4xx_hal_rcc.o
      2020        136          0          0          0      17022   stm32f4xx_hal_tim.o
       148         28          0          0          0       2473   stm32f4xx_hal_tim_ex.o
      1668         16          0          0          0      11420   stm32f4xx_hal_uart.o
        80         12          0          0          0       6154   stm32f4xx_it.o
        28          6         24          4          0       1167   system_stm32f4xx.o

    ----------------------------------------------------------------------
     13326       1276        448        328       1580     806630   Object Totals
         0          0         32          0          0          0   (incl. Generated)
        18          0          0          0          3          0   (incl. Padding)

    ----------------------------------------------------------------------

      Code (inc. data)   RO Data    RW Data    ZI Data      Debug   Library Member Name

        56         12          0          0          0        132   atof.o
       200         20          0          0          0        164   cos.o
       368         46         48          0          0        200   cos_i.o
        84         16          0          0          0        372   dunder.o
        24          0          0          0          0        124   fabs.o
        48          0          0          0          0        124   fpclassify.o
       248          0          0          0          0        152   poly.o
      1080        142        200          0          0        188   rred.o
       200         20          0          0          0        164   sin.o
       304         24         40          0          0        208   sin_i.o
        58          0          0          0          0          0   __dczerorl.o
        64          0          0          0          0         84   _sgetc.o
        40          6         64          0          0         68   ctype_c.o
         0          0          0          0          0          0   entry.o
         0          0          0          0          0          0   entry10a.o
         0          0          0          0          0          0   entry11a.o
         8          4          0          0          0          0   entry2.o
         4          0          0          0          0          0   entry5.o
         0          0          0          0          0          0   entry7b.o
         0          0          0          0          0          0   entry8b.o
         8          4          0          0          0          0   entry9a.o
        24         12          0          4          0        136   errno.o
        30          0          0          0          0          0   handlers.o
        36          8          0          0          0         68   init.o
        10          0          0          0          0         68   isspace_c.o
         0          0          0          0          0          0   iusefp.o
        30          0          0          0          0         68   llshl.o
        36          0          0          0          0         68   llsshr.o
        32          0          0          0          0         68   llushr.o
        36          0          0          0          0        108   memseta.o
      2276         86          0          0          0        520   printfa.o
       878         12          0          0          0        216   scanf_fp.o
        14          0          0          0          0         68   strlen.o
       156         12          0          0          0        120   strtod.o
        44          0          0          0          0         80   uidiv.o
        98          0          0          0          0         92   uldiv.o
        48          0          0          0          0         68   cdrcmple.o
        56          0          0          0          0         88   d2f.o
       334          0          0          0          0        148   dadd.o
       222          0          0          0          0        100   ddiv.o
       186          0          0          0          0        176   depilogue.o
        62          0          0          0          0         80   dfixi.o
        48          0          0          0          0         68   dfixul.o
        34          0          0          0          0         76   dflti.o
        26          0          0          0          0         76   dfltui.o
        24          0          0          0          0         76   dfltul.o
       228          0          0          0          0         96   dmul.o
        38          0          0          0          0         68   f2d.o
       110          0          0          0          0        168   fepilogue.o

    ----------------------------------------------------------------------
      7922        424        352          4          0       4948   Library Totals
        12          0          0          0          0          0   (incl. Padding)

    ----------------------------------------------------------------------

      Code (inc. data)   RO Data    RW Data    ZI Data      Debug   Library Name

      2612        280        288          0          0       1828   m_wm.l
      3882        144         64          4          0       1832   mc_w.l
      1416          0          0          0          0       1288   mf_w.l

    ----------------------------------------------------------------------
      7922        424        352          4          0       4948   Library Totals

    ----------------------------------------------------------------------

==============================================================================


      Code (inc. data)   RO Data    RW Data    ZI Data      Debug   

     21248       1700        800        332       1580     799450   Grand Totals
     21248       1700        800         32       1580     799450   ELF Image Totals (compressed)
     21248       1700        800         32          0          0   ROM Totals

==============================================================================

    Total RO  Size (Code + RO Data)                22048 (  21.53kB)
    Total RW  Size (RW Data + ZI Data)              1912 (   1.87kB)
    Total ROM Size (Code + RO Data + RW Data)      22080 (  21.56kB)

==============================================================================

